Archive member included because of file (symbol)

g:/program files (x86)/microchip/xc32/v1.44/bin/bin/../../lib/gcc/pic32mx/4.8.3/../../../../pic32mx/lib\libpic32.a(default-bootstrap-exception-handler.o)
                              g:/program files (x86)/microchip/xc32/v1.44/bin/bin/../../lib/gcc/pic32mx/4.8.3/../../../../pic32mx/lib/./proc/32MX795F512H/crt0_mips32r2.o (_bootstrap_exception_handler)
g:/program files (x86)/microchip/xc32/v1.44/bin/bin/../../lib/gcc/pic32mx/4.8.3/../../../../pic32mx/lib\libpic32.a(default-on-reset.o)
                              g:/program files (x86)/microchip/xc32/v1.44/bin/bin/../../lib/gcc/pic32mx/4.8.3/../../../../pic32mx/lib/./proc/32MX795F512H/crt0_mips32r2.o (_on_reset)
g:/program files (x86)/microchip/xc32/v1.44/bin/bin/../../lib/gcc/pic32mx/4.8.3/../../../../pic32mx/lib\libpic32.a(default-on-bootstrap.o)
                              g:/program files (x86)/microchip/xc32/v1.44/bin/bin/../../lib/gcc/pic32mx/4.8.3/../../../../pic32mx/lib/./proc/32MX795F512H/crt0_mips32r2.o (_on_bootstrap)
g:/program files (x86)/microchip/xc32/v1.44/bin/bin/../../lib/gcc/pic32mx/4.8.3/../../../../pic32mx/lib\libpic32.a(default-nmi-handler.o)
                              g:/program files (x86)/microchip/xc32/v1.44/bin/bin/../../lib/gcc/pic32mx/4.8.3/../../../../pic32mx/lib/./proc/32MX795F512H/crt0_mips32r2.o (_nmi_handler)
g:/program files (x86)/microchip/xc32/v1.44/bin/bin/../../lib/gcc/pic32mx/4.8.3/../../../../pic32mx/lib\libpic32.a(general-exception.o)
                              g:/program files (x86)/microchip/xc32/v1.44/bin/bin/../../lib/gcc/pic32mx/4.8.3/../../../../pic32mx/lib/./proc/32MX795F512H/crt0_mips32r2.o (_general_exception_context)
g:/program files (x86)/microchip/xc32/v1.44/bin/bin/../../lib/gcc/pic32mx/4.8.3/../../../../pic32mx/lib\libpic32.a(vector0.o)
                              g:/program files (x86)/microchip/xc32/v1.44/bin/bin/../../lib/gcc/pic32mx/4.8.3/../../../../pic32mx/lib/./proc/32MX795F512H\default_isr_vectors.o (__vector_dispatch_0)
g:/program files (x86)/microchip/xc32/v1.44/bin/bin/../../lib/gcc/pic32mx/4.8.3/../../../../pic32mx/lib\libpic32.a(vector1.o)
                              g:/program files (x86)/microchip/xc32/v1.44/bin/bin/../../lib/gcc/pic32mx/4.8.3/../../../../pic32mx/lib/./proc/32MX795F512H\default_isr_vectors.o (__vector_dispatch_1)
g:/program files (x86)/microchip/xc32/v1.44/bin/bin/../../lib/gcc/pic32mx/4.8.3/../../../../pic32mx/lib\libpic32.a(vector2.o)
                              g:/program files (x86)/microchip/xc32/v1.44/bin/bin/../../lib/gcc/pic32mx/4.8.3/../../../../pic32mx/lib/./proc/32MX795F512H\default_isr_vectors.o (__vector_dispatch_2)
g:/program files (x86)/microchip/xc32/v1.44/bin/bin/../../lib/gcc/pic32mx/4.8.3/../../../../pic32mx/lib\libpic32.a(vector3.o)
                              g:/program files (x86)/microchip/xc32/v1.44/bin/bin/../../lib/gcc/pic32mx/4.8.3/../../../../pic32mx/lib/./proc/32MX795F512H\default_isr_vectors.o (__vector_dispatch_3)
g:/program files (x86)/microchip/xc32/v1.44/bin/bin/../../lib/gcc/pic32mx/4.8.3/../../../../pic32mx/lib\libpic32.a(vector4.o)
                              g:/program files (x86)/microchip/xc32/v1.44/bin/bin/../../lib/gcc/pic32mx/4.8.3/../../../../pic32mx/lib/./proc/32MX795F512H\default_isr_vectors.o (__vector_dispatch_4)
g:/program files (x86)/microchip/xc32/v1.44/bin/bin/../../lib/gcc/pic32mx/4.8.3/../../../../pic32mx/lib\libpic32.a(vector5.o)
                              g:/program files (x86)/microchip/xc32/v1.44/bin/bin/../../lib/gcc/pic32mx/4.8.3/../../../../pic32mx/lib/./proc/32MX795F512H\default_isr_vectors.o (__vector_dispatch_5)
g:/program files (x86)/microchip/xc32/v1.44/bin/bin/../../lib/gcc/pic32mx/4.8.3/../../../../pic32mx/lib\libpic32.a(vector6.o)
                              g:/program files (x86)/microchip/xc32/v1.44/bin/bin/../../lib/gcc/pic32mx/4.8.3/../../../../pic32mx/lib/./proc/32MX795F512H\default_isr_vectors.o (__vector_dispatch_6)
g:/program files (x86)/microchip/xc32/v1.44/bin/bin/../../lib/gcc/pic32mx/4.8.3/../../../../pic32mx/lib\libpic32.a(vector7.o)
                              g:/program files (x86)/microchip/xc32/v1.44/bin/bin/../../lib/gcc/pic32mx/4.8.3/../../../../pic32mx/lib/./proc/32MX795F512H\default_isr_vectors.o (__vector_dispatch_7)
g:/program files (x86)/microchip/xc32/v1.44/bin/bin/../../lib/gcc/pic32mx/4.8.3/../../../../pic32mx/lib\libpic32.a(vector8.o)
                              g:/program files (x86)/microchip/xc32/v1.44/bin/bin/../../lib/gcc/pic32mx/4.8.3/../../../../pic32mx/lib/./proc/32MX795F512H\default_isr_vectors.o (__vector_dispatch_8)
g:/program files (x86)/microchip/xc32/v1.44/bin/bin/../../lib/gcc/pic32mx/4.8.3/../../../../pic32mx/lib\libpic32.a(vector9.o)
                              g:/program files (x86)/microchip/xc32/v1.44/bin/bin/../../lib/gcc/pic32mx/4.8.3/../../../../pic32mx/lib/./proc/32MX795F512H\default_isr_vectors.o (__vector_dispatch_9)
[...]
Memory Configuration

Name             Origin             Length             Attributes
exception_mem    0x9d000000         0x00001000
kseg0_boot_mem   0x9d001000         0x00000970
kseg1_boot_mem   0xbd001970         0x00000490
kseg0_program_mem 0x9d001e00         0x0007e200         xr
debug_exec_mem   0xbfc02000         0x00000ff0
config3          0xbfc02ff0         0x00000004
config2          0xbfc02ff4         0x00000004
config1          0xbfc02ff8         0x00000004
config0          0xbfc02ffc         0x00000004
configsfrs       0xbfc02ff0         0x00000010
sfrs             0xbf800000         0x00100000
kseg1_data_mem   0xa0000000         0x00020000         w !x
*default*        0x00000000         0xffffffff

Linker script and memory map

LOAD g:/program files (x86)/microchip/xc32/v1.44/bin/bin/../../lib/gcc/pic32mx/4.8.3/../../../../pic32mx/lib/./proc/32MX795F512H/crt0_mips32r2.o
LOAD g:/program files (x86)/microchip/xc32/v1.44/bin/bin/../../lib/gcc/pic32mx/4.8.3/../../../../pic32mx/lib\debug-exception-return.o
LOAD NU32.o
LOAD bluetooth.o
LOAD direction.o
LOAD main.o
                0x00000400                PROVIDE (_min_stack_size, 0x400)
                0x00000000                PROVIDE (_min_heap_size, 0x0)
LOAD g:/program files (x86)/microchip/xc32/v1.44/bin/bin/../../lib/gcc/pic32mx/4.8.3/../../../../pic32mx/lib/./proc/32MX795F512H\processor.o
                0x00000001                PROVIDE (_vector_spacing, 0x1)
                0x9d000000                _ebase_address = 0x9d000000
                0xbd001970                _RESET_ADDR = 0xbd001970
                0xbd001cf0                _BEV_EXCPT_ADDR = 0xbd001cf0
                0xbd001df0                _DBG_EXCPT_ADDR = 0xbd001df0
                0xbfc02000                _DBG_CODE_ADDR = 0xbfc02000
                0x00000ff0                _DBG_CODE_SIZE = 0xff0
                0x9d000180                _GEN_EXCPT_ADDR = (_ebase_address + 0x180)

.config_BFC02FF0
                0xbfc02ff0        0x4
 *(.config_BFC02FF0)
 .config_BFC02FF0
                0xbfc02ff0        0x4 NU32.o

.config_BFC02FF4
                0xbfc02ff4        0x4
 *(.config_BFC02FF4)
 .config_BFC02FF4
                0xbfc02ff4        0x4 NU32.o

.config_BFC02FF8
                0xbfc02ff8        0x4
 *(.config_BFC02FF8)
 .config_BFC02FF8
                0xbfc02ff8        0x4 NU32.o

.config_BFC02FFC
                0xbfc02ffc        0x4
 *(.config_BFC02FFC)
 .config_BFC02FFC
                0xbfc02ffc        0x4 NU32.o
                0xbfc02000                PROVIDE (_DBG_CODE_ADDR, 0xbfc02000)
                0x00000ff0                PROVIDE (_DBG_CODE_SIZE, 0xff0)

.reset          0xbd001970      0x208
 *(.reset)
 .reset         0xbd001970        0x8 g:/program files (x86)/microchip/xc32/v1.44/bin/bin/../../lib/gcc/pic32mx/4.8.3/../../../../pic32mx/lib/./proc/32MX795F512H/crt0_mips32r2.o
                0xbd001970                _reset
 *(.reset.startup)
 .reset.startup
                0xbd001978      0x200 g:/program files (x86)/microchip/xc32/v1.44/bin/bin/../../lib/gcc/pic32mx/4.8.3/../../../../pic32mx/lib/./proc/32MX795F512H/crt0_mips32r2.o
                0xbd001978                _startup

.bev_excpt      0xbd001cf0       0x10
 *(.bev_handler)
 .bev_handler   0xbd001cf0       0x10 g:/program files (x86)/microchip/xc32/v1.44/bin/bin/../../lib/gcc/pic32mx/4.8.3/../../../../pic32mx/lib/./proc/32MX795F512H/crt0_mips32r2.o

.dbg_excpt      0xbd001df0        0x0
                0xbd001df0                . = (. + DEFINED (_DEBUGGER)?0x8:0x0)

.dbg_code       0xbfc02000        0x0
                0xbfc02000                . = (. + DEFINED (_DEBUGGER)?_DBG_CODE_SIZE:0x0)

.app_excpt      0x9d000180       0x10
 *(.gen_handler)
 .gen_handler   0x9d000180       0x10 g:/program files (x86)/microchip/xc32/v1.44/bin/bin/../../lib/gcc/pic32mx/4.8.3/../../../../pic32mx/lib/./proc/32MX795F512H/crt0_mips32r2.o

.vector_0       0x9d000200        0x8
 *(.vector_0)
 .vector_0      0x9d000200        0x8 g:/program files (x86)/microchip/xc32/v1.44/bin/bin/../../lib/gcc/pic32mx/4.8.3/../../../../pic32mx/lib\libpic32.a(vector0.o)
                0x9d000200                __vector_dispatch_0
                0x00000001                ASSERT (((_vector_spacing == 0x0) || (SIZEOF (.vector_0) <= (_vector_spacing << 0x5))), function at exception vector 0 too large)

.vector_1       0x9d000220        0x8
 *(.vector_1)
 .vector_1      0x9d000220        0x8 g:/program files (x86)/microchip/xc32/v1.44/bin/bin/../../lib/gcc/pic32mx/4.8.3/../../../../pic32mx/lib\libpic32.a(vector1.o)
                0x9d000220                __vector_dispatch_1
                0x00000001                ASSERT (((_vector_spacing == 0x0) || (SIZEOF (.vector_1) <= (_vector_spacing << 0x5))), function at exception vector 1 too large)

.vector_2       0x9d000240        0x8
 *(.vector_2)
 .vector_2      0x9d000240        0x8 g:/program files (x86)/microchip/xc32/v1.44/bin/bin/../../lib/gcc/pic32mx/4.8.3/../../../../pic32mx/lib\libpic32.a(vector2.o)
                0x9d000240                __vector_dispatch_2
                0x00000001                ASSERT (((_vector_spacing == 0x0) || (SIZEOF (.vector_2) <= (_vector_spacing << 0x5))), function at exception vector 2 too large)

.vector_3       0x9d000260        0x8
 *(.vector_3)
 .vector_3      0x9d000260        0x8 g:/program files (x86)/microchip/xc32/v1.44/bin/bin/../../lib/gcc/pic32mx/4.8.3/../../../../pic32mx/lib\libpic32.a(vector3.o)
                0x9d000260                __vector_dispatch_3
                0x00000001                ASSERT (((_vector_spacing == 0x0) || (SIZEOF (.vector_3) <= (_vector_spacing << 0x5))), function at exception vector 3 too large)

.vector_4       0x9d000280        0x8
 *(.vector_4)
 .vector_4      0x9d000280        0x8 g:/program files (x86)/microchip/xc32/v1.44/bin/bin/../../lib/gcc/pic32mx/4.8.3/../../../../pic32mx/lib\libpic32.a(vector4.o)
                0x9d000280                __vector_dispatch_4
                0x00000001                ASSERT (((_vector_spacing == 0x0) || (SIZEOF (.vector_4) <= (_vector_spacing << 0x5))), function at exception vector 4 too large)

.vector_5       0x9d0002a0        0x8
 *(.vector_5)
 .vector_5      0x9d0002a0        0x8 g:/program files (x86)/microchip/xc32/v1.44/bin/bin/../../lib/gcc/pic32mx/4.8.3/../../../../pic32mx/lib\libpic32.a(vector5.o)
                0x9d0002a0                __vector_dispatch_5
                0x00000001                ASSERT (((_vector_spacing == 0x0) || (SIZEOF (.vector_5) <= (_vector_spacing << 0x5))), function at exception vector 5 too large)

.vector_6       0x9d0002c0        0x8
 *(.vector_6)
 .vector_6      0x9d0002c0        0x8 g:/program files (x86)/microchip/xc32/v1.44/bin/bin/../../lib/gcc/pic32mx/4.8.3/../../../../pic32mx/lib\libpic32.a(vector6.o)
                0x9d0002c0                __vector_dispatch_6
                0x00000001                ASSERT (((_vector_spacing == 0x0) || (SIZEOF (.vector_6) <= (_vector_spacing << 0x5))), function at exception vector 6 too large)

.vector_7       0x9d0002e0        0x8
 *(.vector_7)
 .vector_7      0x9d0002e0        0x8 g:/program files (x86)/microchip/xc32/v1.44/bin/bin/../../lib/gcc/pic32mx/4.8.3/../../../../pic32mx/lib\libpic32.a(vector7.o)
                0x9d0002e0                __vector_dispatch_7
                0x00000001                ASSERT (((_vector_spacing == 0x0) || (SIZEOF (.vector_7) <= (_vector_spacing << 0x5))), function at exception vector 7 too large)

.vector_8       0x9d000300        0x8
 *(.vector_8)
 .vector_8      0x9d000300        0x8 g:/program files (x86)/microchip/xc32/v1.44/bin/bin/../../lib/gcc/pic32mx/4.8.3/../../../../pic32mx/lib\libpic32.a(vector8.o)
                0x9d000300                __vector_dispatch_8
                0x00000001                ASSERT (((_vector_spacing == 0x0) || (SIZEOF (.vector_8) <= (_vector_spacing << 0x5))), function at exception vector 8 too large)

.vector_9       0x9d000320        0x8
 *(.vector_9)
 .vector_9      0x9d000320        0x8 g:/program files (x86)/microchip/xc32/v1.44/bin/bin/../../lib/gcc/pic32mx/4.8.3/../../../../pic32mx/lib\libpic32.a(vector9.o)
                0x9d000320                __vector_dispatch_9
                0x00000001                ASSERT (((_vector_spacing == 0x0) || (SIZEOF (.vector_9) <= (_vector_spacing << 0x5))), function at exception vector 9 too large)

.vector_10      0x9d000340        0x8
 *(.vector_10)
 .vector_10     0x9d000340        0x8 g:/program files (x86)/microchip/xc32/v1.44/bin/bin/../../lib/gcc/pic32mx/4.8.3/../../../../pic32mx/lib\libpic32.a(vector10.o)
                0x9d000340                __vector_dispatch_10
                0x00000001                ASSERT (((_vector_spacing == 0x0) || (SIZEOF (.vector_10) <= (_vector_spacing << 0x5))), function at exception vector 10 too large)

.vector_11      0x9d000360        0x8
 *(.vector_11)
 .vector_11     0x9d000360        0x8 g:/program files (x86)/microchip/xc32/v1.44/bin/bin/../../lib/gcc/pic32mx/4.8.3/../../../../pic32mx/lib\libpic32.a(vector11.o)
                0x9d000360                __vector_dispatch_11
                0x00000001                ASSERT (((_vector_spacing == 0x0) || (SIZEOF (.vector_11) <= (_vector_spacing << 0x5))), function at exception vector 11 too large)

.vector_12      0x9d000380        0x8
 *(.vector_12)
 .vector_12     0x9d000380        0x8 g:/program files (x86)/microchip/xc32/v1.44/bin/bin/../../lib/gcc/pic32mx/4.8.3/../../../../pic32mx/lib\libpic32.a(vector12.o)
                0x9d000380                __vector_dispatch_12
                0x00000001                ASSERT (((_vector_spacing == 0x0) || (SIZEOF (.vector_12) <= (_vector_spacing << 0x5))), function at exception vector 12 too large)

.vector_13      0x9d0003a0        0x8
 *(.vector_13)
 .vector_13     0x9d0003a0        0x8 g:/program files (x86)/microchip/xc32/v1.44/bin/bin/../../lib/gcc/pic32mx/4.8.3/../../../../pic32mx/lib\libpic32.a(vector13.o)
                0x9d0003a0                __vector_dispatch_13
                0x00000001                ASSERT (((_vector_spacing == 0x0) || (SIZEOF (.vector_13) <= (_vector_spacing << 0x5))), function at exception vector 13 too large)

.vector_14      0x9d0003c0        0x8
 *(.vector_14)
 .vector_14     0x9d0003c0        0x8 g:/program files (x86)/microchip/xc32/v1.44/bin/bin/../../lib/gcc/pic32mx/4.8.3/../../../../pic32mx/lib\libpic32.a(vector14.o)
                0x9d0003c0                __vector_dispatch_14
                0x00000001                ASSERT (((_vector_spacing == 0x0) || (SIZEOF (.vector_14) <= (_vector_spacing << 0x5))), function at exception vector 14 too large)

.vector_15      0x9d0003e0        0x8
 *(.vector_15)
 .vector_15     0x9d0003e0        0x8 g:/program files (x86)/microchip/xc32/v1.44/bin/bin/../../lib/gcc/pic32mx/4.8.3/../../../../pic32mx/lib\libpic32.a(vector15.o)
                0x9d0003e0                __vector_dispatch_15
                0x00000001                ASSERT (((_vector_spacing == 0x0) || (SIZEOF (.vector_15) <= (_vector_spacing << 0x5))), function at exception vector 15 too large)

.vector_16      0x9d000400        0x8
 *(.vector_16)
 .vector_16     0x9d000400        0x8 g:/program files (x86)/microchip/xc32/v1.44/bin/bin/../../lib/gcc/pic32mx/4.8.3/../../../../pic32mx/lib\libpic32.a(vector16.o)
                0x9d000400                __vector_dispatch_16
                0x00000001                ASSERT (((_vector_spacing == 0x0) || (SIZEOF (.vector_16) <= (_vector_spacing << 0x5))), function at exception vector 16 too large)

.vector_17      0x9d000420        0x8
 *(.vector_17)
 .vector_17     0x9d000420        0x8 g:/program files (x86)/microchip/xc32/v1.44/bin/bin/../../lib/gcc/pic32mx/4.8.3/../../../../pic32mx/lib\libpic32.a(vector17.o)
                0x9d000420                __vector_dispatch_17
                0x00000001                ASSERT (((_vector_spacing == 0x0) || (SIZEOF (.vector_17) <= (_vector_spacing << 0x5))), function at exception vector 17 too large)

.vector_18      0x9d000440        0x8
 *(.vector_18)
 .vector_18     0x9d000440        0x8 g:/program files (x86)/microchip/xc32/v1.44/bin/bin/../../lib/gcc/pic32mx/4.8.3/../../../../pic32mx/lib\libpic32.a(vector18.o)
                0x9d000440                __vector_dispatch_18
                0x00000001                ASSERT (((_vector_spacing == 0x0) || (SIZEOF (.vector_18) <= (_vector_spacing << 0x5))), function at exception vector 18 too large)

.vector_19      0x9d000460        0x8
 *(.vector_19)
 .vector_19     0x9d000460        0x8 g:/program files (x86)/microchip/xc32/v1.44/bin/bin/../../lib/gcc/pic32mx/4.8.3/../../../../pic32mx/lib\libpic32.a(vector19.o)
                0x9d000460                __vector_dispatch_19
                0x00000001                ASSERT (((_vector_spacing == 0x0) || (SIZEOF (.vector_19) <= (_vector_spacing << 0x5))), function at exception vector 19 too large)

.vector_20      0x9d000480        0x8
 *(.vector_20)
 .vector_20     0x9d000480        0x8 g:/program files (x86)/microchip/xc32/v1.44/bin/bin/../../lib/gcc/pic32mx/4.8.3/../../../../pic32mx/lib\libpic32.a(vector20.o)
                0x9d000480                __vector_dispatch_20
                0x00000001                ASSERT (((_vector_spacing == 0x0) || (SIZEOF (.vector_20) <= (_vector_spacing << 0x5))), function at exception vector 20 too large)

.vector_21      0x9d0004a0        0x8
 *(.vector_21)
 .vector_21     0x9d0004a0        0x8 g:/program files (x86)/microchip/xc32/v1.44/bin/bin/../../lib/gcc/pic32mx/4.8.3/../../../../pic32mx/lib\libpic32.a(vector21.o)
                0x9d0004a0                __vector_dispatch_21
                0x00000001                ASSERT (((_vector_spacing == 0x0) || (SIZEOF (.vector_21) <= (_vector_spacing << 0x5))), function at exception vector 21 too large)

.vector_22      0x9d0004c0        0x8
 *(.vector_22)
 .vector_22     0x9d0004c0        0x8 g:/program files (x86)/microchip/xc32/v1.44/bin/bin/../../lib/gcc/pic32mx/4.8.3/../../../../pic32mx/lib\libpic32.a(vector22.o)
                0x9d0004c0                __vector_dispatch_22
                0x00000001                ASSERT (((_vector_spacing == 0x0) || (SIZEOF (.vector_22) <= (_vector_spacing << 0x5))), function at exception vector 22 too large)

.vector_23      0x9d0004e0        0x8
 *(.vector_23)
 .vector_23     0x9d0004e0        0x8 g:/program files (x86)/microchip/xc32/v1.44/bin/bin/../../lib/gcc/pic32mx/4.8.3/../../../../pic32mx/lib\libpic32.a(vector23.o)
                0x9d0004e0                __vector_dispatch_23
                0x00000001                ASSERT (((_vector_spacing == 0x0) || (SIZEOF (.vector_23) <= (_vector_spacing << 0x5))), function at exception vector 23 too large)

.vector_24      0x9d000500        0x8
 *(.vector_24)
 .vector_24     0x9d000500        0x8 main.o
                0x9d000500                __vector_dispatch_24
                0x00000001                ASSERT (((_vector_spacing == 0x0) || (SIZEOF (.vector_24) <= (_vector_spacing << 0x5))), function at exception vector 24 too large)

.vector_25      0x9d000520        0x8
 *(.vector_25)
 .vector_25     0x9d000520        0x8 g:/program files (x86)/microchip/xc32/v1.44/bin/bin/../../lib/gcc/pic32mx/4.8.3/../../../../pic32mx/lib\libpic32.a(vector25.o)
                0x9d000520                __vector_dispatch_25
                0x00000001                ASSERT (((_vector_spacing == 0x0) || (SIZEOF (.vector_25) <= (_vector_spacing << 0x5))), function at exception vector 25 too large)

.vector_26      0x9d000540        0x8
 *(.vector_26)
 .vector_26     0x9d000540        0x8 g:/program files (x86)/microchip/xc32/v1.44/bin/bin/../../lib/gcc/pic32mx/4.8.3/../../../../pic32mx/lib\libpic32.a(vector26.o)
                0x9d000540                __vector_dispatch_26
                0x00000001                ASSERT (((_vector_spacing == 0x0) || (SIZEOF (.vector_26) <= (_vector_spacing << 0x5))), function at exception vector 26 too large)

.vector_27      0x9d000560        0x8
 *(.vector_27)
 .vector_27     0x9d000560        0x8 g:/program files (x86)/microchip/xc32/v1.44/bin/bin/../../lib/gcc/pic32mx/4.8.3/../../../../pic32mx/lib\libpic32.a(vector27.o)
                0x9d000560                __vector_dispatch_27
                0x00000001                ASSERT (((_vector_spacing == 0x0) || (SIZEOF (.vector_27) <= (_vector_spacing << 0x5))), function at exception vector 27 too large)

.vector_28      0x9d000580        0x8
 *(.vector_28)
 .vector_28     0x9d000580        0x8 g:/program files (x86)/microchip/xc32/v1.44/bin/bin/../../lib/gcc/pic32mx/4.8.3/../../../../pic32mx/lib\libpic32.a(vector28.o)
                0x9d000580                __vector_dispatch_28
                0x00000001                ASSERT (((_vector_spacing == 0x0) || (SIZEOF (.vector_28) <= (_vector_spacing << 0x5))), function at exception vector 28 too large)

.vector_29      0x9d0005a0        0x8
 *(.vector_29)
 .vector_29     0x9d0005a0        0x8 g:/program files (x86)/microchip/xc32/v1.44/bin/bin/../../lib/gcc/pic32mx/4.8.3/../../../../pic32mx/lib\libpic32.a(vector29.o)
                0x9d0005a0                __vector_dispatch_29
                0x00000001                ASSERT (((_vector_spacing == 0x0) || (SIZEOF (.vector_29) <= (_vector_spacing << 0x5))), function at exception vector 29 too large)

.vector_30      0x9d0005c0        0x8
 *(.vector_30)
 .vector_30     0x9d0005c0        0x8 g:/program files (x86)/microchip/xc32/v1.44/bin/bin/../../lib/gcc/pic32mx/4.8.3/../../../../pic32mx/lib\libpic32.a(vector30.o)
                0x9d0005c0                __vector_dispatch_30
                0x00000001                ASSERT (((_vector_spacing == 0x0) || (SIZEOF (.vector_30) <= (_vector_spacing << 0x5))), function at exception vector 30 too large)

.vector_31      0x9d0005e0        0x8
 *(.vector_31)
 .vector_31     0x9d0005e0        0x8 g:/program files (x86)/microchip/xc32/v1.44/bin/bin/../../lib/gcc/pic32mx/4.8.3/../../../../pic32mx/lib\libpic32.a(vector31.o)
                0x9d0005e0                __vector_dispatch_31
                0x00000001                ASSERT (((_vector_spacing == 0x0) || (SIZEOF (.vector_31) <= (_vector_spacing << 0x5))), function at exception vector 31 too large)

.vector_32      0x9d000600        0x8
 *(.vector_32)
 .vector_32     0x9d000600        0x8 g:/program files (x86)/microchip/xc32/v1.44/bin/bin/../../lib/gcc/pic32mx/4.8.3/../../../../pic32mx/lib\libpic32.a(vector32.o)
                0x9d000600                __vector_dispatch_32
                0x00000001                ASSERT (((_vector_spacing == 0x0) || (SIZEOF (.vector_32) <= (_vector_spacing << 0x5))), function at exception vector 32 too large)

.vector_33      0x9d000620        0x8
 *(.vector_33)
 .vector_33     0x9d000620        0x8 g:/program files (x86)/microchip/xc32/v1.44/bin/bin/../../lib/gcc/pic32mx/4.8.3/../../../../pic32mx/lib\libpic32.a(vector33.o)
                0x9d000620                __vector_dispatch_33
                0x00000001                ASSERT (((_vector_spacing == 0x0) || (SIZEOF (.vector_33) <= (_vector_spacing << 0x5))), function at exception vector 33 too large)

.vector_34      0x9d000640        0x8
 *(.vector_34)
 .vector_34     0x9d000640        0x8 g:/program files (x86)/microchip/xc32/v1.44/bin/bin/../../lib/gcc/pic32mx/4.8.3/../../../../pic32mx/lib\libpic32.a(vector34.o)
                0x9d000640                __vector_dispatch_34
                0x00000001                ASSERT (((_vector_spacing == 0x0) || (SIZEOF (.vector_34) <= (_vector_spacing << 0x5))), function at exception vector 34 too large)

.vector_35      0x9d000660        0x8
 *(.vector_35)
 .vector_35     0x9d000660        0x8 g:/program files (x86)/microchip/xc32/v1.44/bin/bin/../../lib/gcc/pic32mx/4.8.3/../../../../pic32mx/lib\libpic32.a(vector35.o)
                0x9d000660                __vector_dispatch_35
                0x00000001                ASSERT (((_vector_spacing == 0x0) || (SIZEOF (.vector_35) <= (_vector_spacing << 0x5))), function at exception vector 35 too large)

.vector_36      0x9d000680        0x8
 *(.vector_36)
 .vector_36     0x9d000680        0x8 g:/program files (x86)/microchip/xc32/v1.44/bin/bin/../../lib/gcc/pic32mx/4.8.3/../../../../pic32mx/lib\libpic32.a(vector36.o)
                0x9d000680                __vector_dispatch_36
                0x00000001                ASSERT (((_vector_spacing == 0x0) || (SIZEOF (.vector_36) <= (_vector_spacing << 0x5))), function at exception vector 36 too large)

.vector_37      0x9d0006a0        0x8
 *(.vector_37)
 .vector_37     0x9d0006a0        0x8 g:/program files (x86)/microchip/xc32/v1.44/bin/bin/../../lib/gcc/pic32mx/4.8.3/../../../../pic32mx/lib\libpic32.a(vector37.o)
                0x9d0006a0                __vector_dispatch_37
                0x00000001                ASSERT (((_vector_spacing == 0x0) || (SIZEOF (.vector_37) <= (_vector_spacing << 0x5))), function at exception vector 37 too large)

.vector_38      0x9d0006c0        0x8
 *(.vector_38)
 .vector_38     0x9d0006c0        0x8 g:/program files (x86)/microchip/xc32/v1.44/bin/bin/../../lib/gcc/pic32mx/4.8.3/../../../../pic32mx/lib\libpic32.a(vector38.o)
                0x9d0006c0                __vector_dispatch_38
                0x00000001                ASSERT (((_vector_spacing == 0x0) || (SIZEOF (.vector_38) <= (_vector_spacing << 0x5))), function at exception vector 38 too large)

.vector_39      0x9d0006e0        0x8
 *(.vector_39)
 .vector_39     0x9d0006e0        0x8 g:/program files (x86)/microchip/xc32/v1.44/bin/bin/../../lib/gcc/pic32mx/4.8.3/../../../../pic32mx/lib\libpic32.a(vector39.o)
                0x9d0006e0                __vector_dispatch_39
                0x00000001                ASSERT (((_vector_spacing == 0x0) || (SIZEOF (.vector_39) <= (_vector_spacing << 0x5))), function at exception vector 39 too large)

.vector_40      0x9d000700        0x8
 *(.vector_40)
 .vector_40     0x9d000700        0x8 g:/program files (x86)/microchip/xc32/v1.44/bin/bin/../../lib/gcc/pic32mx/4.8.3/../../../../pic32mx/lib\libpic32.a(vector40.o)
                0x9d000700                __vector_dispatch_40
                0x00000001                ASSERT (((_vector_spacing == 0x0) || (SIZEOF (.vector_40) <= (_vector_spacing << 0x5))), function at exception vector 40 too large)

.vector_41      0x9d000720        0x8
 *(.vector_41)
 .vector_41     0x9d000720        0x8 g:/program files (x86)/microchip/xc32/v1.44/bin/bin/../../lib/gcc/pic32mx/4.8.3/../../../../pic32mx/lib\libpic32.a(vector41.o)
                0x9d000720                __vector_dispatch_41
                0x00000001                ASSERT (((_vector_spacing == 0x0) || (SIZEOF (.vector_41) <= (_vector_spacing << 0x5))), function at exception vector 41 too large)

.vector_42      0x9d000740        0x8
 *(.vector_42)
 .vector_42     0x9d000740        0x8 g:/program files (x86)/microchip/xc32/v1.44/bin/bin/../../lib/gcc/pic32mx/4.8.3/../../../../pic32mx/lib\libpic32.a(vector42.o)
                0x9d000740                __vector_dispatch_42
                0x00000001                ASSERT (((_vector_spacing == 0x0) || (SIZEOF (.vector_42) <= (_vector_spacing << 0x5))), function at exception vector 42 too large)

.vector_43      0x9d000760        0x8
 *(.vector_43)
 .vector_43     0x9d000760        0x8 g:/program files (x86)/microchip/xc32/v1.44/bin/bin/../../lib/gcc/pic32mx/4.8.3/../../../../pic32mx/lib\libpic32.a(vector43.o)
                0x9d000760                __vector_dispatch_43
                0x00000001                ASSERT (((_vector_spacing == 0x0) || (SIZEOF (.vector_43) <= (_vector_spacing << 0x5))), function at exception vector 43 too large)

.vector_44      0x9d000780        0x8
 *(.vector_44)
 .vector_44     0x9d000780        0x8 g:/program files (x86)/microchip/xc32/v1.44/bin/bin/../../lib/gcc/pic32mx/4.8.3/../../../../pic32mx/lib\libpic32.a(vector44.o)
                0x9d000780                __vector_dispatch_44
                0x00000001                ASSERT (((_vector_spacing == 0x0) || (SIZEOF (.vector_44) <= (_vector_spacing << 0x5))), function at exception vector 44 too large)

.vector_45      0x9d0007a0        0x8
 *(.vector_45)
 .vector_45     0x9d0007a0        0x8 g:/program files (x86)/microchip/xc32/v1.44/bin/bin/../../lib/gcc/pic32mx/4.8.3/../../../../pic32mx/lib\libpic32.a(vector45.o)
                0x9d0007a0                __vector_dispatch_45
                0x00000001                ASSERT (((_vector_spacing == 0x0) || (SIZEOF (.vector_45) <= (_vector_spacing << 0x5))), function at exception vector 45 too large)

.vector_46      0x9d0007c0        0x8
 *(.vector_46)
 .vector_46     0x9d0007c0        0x8 g:/program files (x86)/microchip/xc32/v1.44/bin/bin/../../lib/gcc/pic32mx/4.8.3/../../../../pic32mx/lib\libpic32.a(vector46.o)
                0x9d0007c0                __vector_dispatch_46
                0x00000001                ASSERT (((_vector_spacing == 0x0) || (SIZEOF (.vector_46) <= (_vector_spacing << 0x5))), function at exception vector 46 too large)

.vector_47      0x9d0007e0        0x8
 *(.vector_47)
 .vector_47     0x9d0007e0        0x8 g:/program files (x86)/microchip/xc32/v1.44/bin/bin/../../lib/gcc/pic32mx/4.8.3/../../../../pic32mx/lib\libpic32.a(vector47.o)
                0x9d0007e0                __vector_dispatch_47
                0x00000001                ASSERT (((_vector_spacing == 0x0) || (SIZEOF (.vector_47) <= (_vector_spacing << 0x5))), function at exception vector 47 too large)

.vector_48      0x9d000800        0x8
 *(.vector_48)
 .vector_48     0x9d000800        0x8 g:/program files (x86)/microchip/xc32/v1.44/bin/bin/../../lib/gcc/pic32mx/4.8.3/../../../../pic32mx/lib\libpic32.a(vector48.o)
                0x9d000800                __vector_dispatch_48
                0x00000001                ASSERT (((_vector_spacing == 0x0) || (SIZEOF (.vector_48) <= (_vector_spacing << 0x5))), function at exception vector 48 too large)

.vector_49      0x9d000820        0x8
 *(.vector_49)
 .vector_49     0x9d000820        0x8 g:/program files (x86)/microchip/xc32/v1.44/bin/bin/../../lib/gcc/pic32mx/4.8.3/../../../../pic32mx/lib\libpic32.a(vector49.o)
                0x9d000820                __vector_dispatch_49
                0x00000001                ASSERT (((_vector_spacing == 0x0) || (SIZEOF (.vector_49) <= (_vector_spacing << 0x5))), function at exception vector 49 too large)

.vector_50      0x9d000840        0x8
 *(.vector_50)
 .vector_50     0x9d000840        0x8 g:/program files (x86)/microchip/xc32/v1.44/bin/bin/../../lib/gcc/pic32mx/4.8.3/../../../../pic32mx/lib\libpic32.a(vector50.o)
                0x9d000840                __vector_dispatch_50
                0x00000001                ASSERT (((_vector_spacing == 0x0) || (SIZEOF (.vector_50) <= (_vector_spacing << 0x5))), function at exception vector 50 too large)

.vector_51      0x9d000860        0x8
 *(.vector_51)
 .vector_51     0x9d000860        0x8 g:/program files (x86)/microchip/xc32/v1.44/bin/bin/../../lib/gcc/pic32mx/4.8.3/../../../../pic32mx/lib\libpic32.a(vector51.o)
                0x9d000860                __vector_dispatch_51
                0x00000001                ASSERT (((_vector_spacing == 0x0) || (SIZEOF (.vector_51) <= (_vector_spacing << 0x5))), function at exception vector 51 too large)

.vector_52      0x9d000880        0x0
 *(.vector_52)
                0x00000001                ASSERT (((_vector_spacing == 0x0) || (SIZEOF (.vector_52) <= (_vector_spacing << 0x5))), function at exception vector 52 too large)

.vector_53      0x9d0008a0        0x0
 *(.vector_53)
                0x00000001                ASSERT (((_vector_spacing == 0x0) || (SIZEOF (.vector_53) <= (_vector_spacing << 0x5))), function at exception vector 53 too large)

.vector_54      0x9d0008c0        0x0
 *(.vector_54)
                0x00000001                ASSERT (((_vector_spacing == 0x0) || (SIZEOF (.vector_54) <= (_vector_spacing << 0x5))), function at exception vector 54 too large)

.vector_55      0x9d0008e0        0x0
 *(.vector_55)
                0x00000001                ASSERT (((_vector_spacing == 0x0) || (SIZEOF (.vector_55) <= (_vector_spacing << 0x5))), function at exception vector 55 too large)

.vector_56      0x9d000900        0x0
 *(.vector_56)
                0x00000001                ASSERT (((_vector_spacing == 0x0) || (SIZEOF (.vector_56) <= (_vector_spacing << 0x5))), function at exception vector 56 too large)

.vector_57      0x9d000920        0x0
 *(.vector_57)
                0x00000001                ASSERT (((_vector_spacing == 0x0) || (SIZEOF (.vector_57) <= (_vector_spacing << 0x5))), function at exception vector 57 too large)

.vector_58      0x9d000940        0x0
 *(.vector_58)
                0x00000001                ASSERT (((_vector_spacing == 0x0) || (SIZEOF (.vector_58) <= (_vector_spacing << 0x5))), function at exception vector 58 too large)

.vector_59      0x9d000960        0x0
 *(.vector_59)
                0x00000001                ASSERT (((_vector_spacing == 0x0) || (SIZEOF (.vector_59) <= (_vector_spacing << 0x5))), function at exception vector 59 too large)

.vector_60      0x9d000980        0x0
 *(.vector_60)
                0x00000001                ASSERT (((_vector_spacing == 0x0) || (SIZEOF (.vector_60) <= (_vector_spacing << 0x5))), function at exception vector 60 too large)

.vector_61      0x9d0009a0        0x0
 *(.vector_61)
                0x00000001                ASSERT (((_vector_spacing == 0x0) || (SIZEOF (.vector_61) <= (_vector_spacing << 0x5))), function at exception vector 61 too large)

.vector_62      0x9d0009c0        0x0
 *(.vector_62)
                0x00000001                ASSERT (((_vector_spacing == 0x0) || (SIZEOF (.vector_62) <= (_vector_spacing << 0x5))), function at exception vector 62 too large)

.vector_63      0x9d0009e0        0x0
 *(.vector_63)
                0x00000001                ASSERT (((_vector_spacing == 0x0) || (SIZEOF (.vector_63) <= (_vector_spacing << 0x5))), function at exception vector 63 too large)

.startup
 *(.startup)

.text
 *(.stub .gnu.linkonce.t.*)
 *(.text.*personality*)
 *(.mips16.fn.*)
 *(.mips16.call.*)
 *(.gnu.warning)

.rodata         0x9d001e00        0x0
 *(.rodata.* .gnu.linkonce.r.*)
 *(.rodata1)
                0x9d001e00                . = ALIGN (0x4)

.sdata2         0x9d001000        0x0
 *(.sdata2 .sdata2.* .gnu.linkonce.s2.*)
                0x9d001000                . = ALIGN (0x4)

.sbss2          0x9d001000        0x0
 *(.sbss2 .sbss2.* .gnu.linkonce.sb2.*)
                0x9d001000                . = ALIGN (0x4)

.eh_frame_hdr
 *(.eh_frame_hdr)

.eh_frame
 *(.eh_frame)

.dbg_data       0xa0000000        0x0
                0xa0000000                . = (. + DEFINED (_DEBUGGER)?0x200:0x0)

.persist        0xa0000000        0x0
                0xa0000000                _persist_begin = .
 *(.persist .persist.*)
                0xa0000000                . = ALIGN (0x4)
                0xa0000000                _persist_end = .

.eh_frame
 *(.eh_frame)
                0xa0000000                . = .
                0xa0007ff0                _gp = (ALIGN (0x10) + 0x7ff0)

.got
 *(.got.plt)
 *(.got)

.sdata          0xa0000000        0x0
                0xa0000000                _sdata_begin = .
 *(.sdata .sdata.* .gnu.linkonce.s.*)
                0xa0000000                _sdata_end = .

.lit8
 *(.lit8)

.lit4
 *(.lit4)
                0xa0000000                . = ALIGN (0x4)
                0xa0000000                _data_end = .
                0xa0000000                _bss_begin = .

.sbss           0xa0000000        0x0
                0xa0000000                _sbss_begin = .
 *(.dynsbss)
 *(.sbss .sbss.* .gnu.linkonce.sb.*)
 *(.scommon)
                0xa0000000                _sbss_end = .

.bss            0xa0000000        0x0
 *(.dynbss)
 *(COMMON)
                0xa0000000                . = ALIGN (0x4)
                0xa0000000                . = ALIGN (0x4)
                0xa0000000                _end = .
                0xa0000000                _bss_end = .
                0x00020000                _bmxdudba_address = 0x20000
                0x00020000                _bmxdupba_address = 0x20000

/DISCARD/
 *(.pdr)
 *(.reginfo)
 *(.rel.dyn)
 *(.note.GNU-stack)
 *(.note.GNU-stack)
 *(.gnu_debuglink)
 *(.gnu.lto_*)
 *(.discard)

.stab
 *(.stab)

.stabstr
 *(.stabstr)

.stab.excl
 *(.stab.excl)

.stab.exclstr
 *(.stab.exclstr)

.stab.index
 *(.stab.index)

.stab.indexstr
 *(.stab.indexstr)

.comment        0x00000000       0x3c
 *(.comment)
 .comment       0x00000000       0x3c NU32.o
                                 0x3d (size before relaxing)
 .comment       0x00000000       0x3d bluetooth.o
 .comment       0x00000000       0x3d direction.o
 .comment       0x00000000       0x3d main.o
 .comment       0x00000000       0x3d g:/program files (x86)/microchip/xc32/v1.44/bin/bin/../../lib/gcc/pic32mx/4.8.3/../../../../pic32mx/lib\libpic32.a(default-bootstrap-exception-handler.o)
 .comment       0x00000000       0x3d g:/program files (x86)/microchip/xc32/v1.44/bin/bin/../../lib/gcc/pic32mx/4.8.3/../../../../pic32mx/lib\libpic32.a(default-on-reset.o)
 .comment       0x00000000       0x3d g:/program files (x86)/microchip/xc32/v1.44/bin/bin/../../lib/gcc/pic32mx/4.8.3/../../../../pic32mx/lib\libpic32.a(default-on-bootstrap.o)
 .comment       0x00000000       0x3d g:/program files (x86)/microchip/xc32/v1.44/bin/bin/../../lib/gcc/pic32mx/4.8.3/../../../../pic32mx/lib\libpic32.a(default-general-exception-handler.o)
 .comment       0x00000000       0x3d g:/program files (x86)/microchip/xc32/v1.44/bin/bin/../../lib/gcc/pic32mx/4.8.3/../../../../pic32mx/lib\libpic32.a(defaultinterrupt.o)

.debug
 *(.debug)

.line
 *(.line)

.debug_srcinfo
 *(.debug_srcinfo)

.debug_sfnames
 *(.debug_sfnames)

.debug_aranges  0x00000000      0x120
 *(.debug_aranges)
 .debug_aranges
                0x00000000       0x20 NU32.o
 .debug_aranges
                0x00000020       0x20 bluetooth.o
 .debug_aranges
                0x00000040       0x20 direction.o
 .debug_aranges
                0x00000060       0x20 main.o
 .debug_aranges
                0x00000080       0x20 g:/program files (x86)/microchip/xc32/v1.44/bin/bin/../../lib/gcc/pic32mx/4.8.3/../../../../pic32mx/lib\libpic32.a(default-bootstrap-exception-handler.o)
 .debug_aranges
                0x000000a0       0x20 g:/program files (x86)/microchip/xc32/v1.44/bin/bin/../../lib/gcc/pic32mx/4.8.3/../../../../pic32mx/lib\libpic32.a(default-on-reset.o)
 .debug_aranges
                0x000000c0       0x20 g:/program files (x86)/microchip/xc32/v1.44/bin/bin/../../lib/gcc/pic32mx/4.8.3/../../../../pic32mx/lib\libpic32.a(default-on-bootstrap.o)
 .debug_aranges
                0x000000e0       0x20 g:/program files (x86)/microchip/xc32/v1.44/bin/bin/../../lib/gcc/pic32mx/4.8.3/../../../../pic32mx/lib\libpic32.a(default-general-exception-handler.o)
 .debug_aranges
                0x00000100       0x20 g:/program files (x86)/microchip/xc32/v1.44/bin/bin/../../lib/gcc/pic32mx/4.8.3/../../../../pic32mx/lib\libpic32.a(defaultinterrupt.o)

.debug_pubnames
 *(.debug_pubnames)

.debug_info     0x00000000     0x3b81
 *(.debug_info .gnu.linkonce.wi.*)
 .debug_info    0x00000000      0xa81 NU32.o
 .debug_info    0x00000a81      0xfe9 bluetooth.o
 .debug_info    0x00001a6a      0x583 direction.o
 .debug_info    0x00001fed     0x1722 main.o
 .debug_info    0x0000370f       0xf5 g:/program files (x86)/microchip/xc32/v1.44/bin/bin/../../lib/gcc/pic32mx/4.8.3/../../../../pic32mx/lib\libpic32.a(default-bootstrap-exception-handler.o)
 .debug_info    0x00003804       0xce g:/program files (x86)/microchip/xc32/v1.44/bin/bin/../../lib/gcc/pic32mx/4.8.3/../../../../pic32mx/lib\libpic32.a(default-on-reset.o)
 .debug_info    0x000038d2       0xd6 g:/program files (x86)/microchip/xc32/v1.44/bin/bin/../../lib/gcc/pic32mx/4.8.3/../../../../pic32mx/lib\libpic32.a(default-on-bootstrap.o)
 .debug_info    0x000039a8       0xf1 g:/program files (x86)/microchip/xc32/v1.44/bin/bin/../../lib/gcc/pic32mx/4.8.3/../../../../pic32mx/lib\libpic32.a(default-general-exception-handler.o)
 .debug_info    0x00003a99       0xe8 g:/program files (x86)/microchip/xc32/v1.44/bin/bin/../../lib/gcc/pic32mx/4.8.3/../../../../pic32mx/lib\libpic32.a(defaultinterrupt.o)

.debug_abbrev   0x00000000      0x493
 *(.debug_abbrev)
 .debug_abbrev  0x00000000       0xfd NU32.o
 .debug_abbrev  0x000000fd       0xa6 bluetooth.o
 .debug_abbrev  0x000001a3       0xcd direction.o
 .debug_abbrev  0x00000270      0x15b main.o
 .debug_abbrev  0x000003cb       0x28 g:/program files (x86)/microchip/xc32/v1.44/bin/bin/../../lib/gcc/pic32mx/4.8.3/../../../../pic32mx/lib\libpic32.a(default-bootstrap-exception-handler.o)
 .debug_abbrev  0x000003f3       0x28 g:/program files (x86)/microchip/xc32/v1.44/bin/bin/../../lib/gcc/pic32mx/4.8.3/../../../../pic32mx/lib\libpic32.a(default-on-reset.o)
 .debug_abbrev  0x0000041b       0x28 g:/program files (x86)/microchip/xc32/v1.44/bin/bin/../../lib/gcc/pic32mx/4.8.3/../../../../pic32mx/lib\libpic32.a(default-on-bootstrap.o)
 .debug_abbrev  0x00000443       0x28 g:/program files (x86)/microchip/xc32/v1.44/bin/bin/../../lib/gcc/pic32mx/4.8.3/../../../../pic32mx/lib\libpic32.a(default-general-exception-handler.o)
 .debug_abbrev  0x0000046b       0x28 g:/program files (x86)/microchip/xc32/v1.44/bin/bin/../../lib/gcc/pic32mx/4.8.3/../../../../pic32mx/lib\libpic32.a(defaultinterrupt.o)

.debug_line     0x00000000      0x6e1
 *(.debug_line)
 .debug_line    0x00000000       0xea NU32.o
 .debug_line    0x000000ea       0xc5 bluetooth.o
 .debug_line    0x000001af       0xe2 direction.o
 .debug_line    0x00000291      0x132 main.o
 .debug_line    0x000003c3       0xa7 g:/program files (x86)/microchip/xc32/v1.44/bin/bin/../../lib/gcc/pic32mx/4.8.3/../../../../pic32mx/lib\libpic32.a(default-bootstrap-exception-handler.o)
 .debug_line    0x0000046a       0x94 g:/program files (x86)/microchip/xc32/v1.44/bin/bin/../../lib/gcc/pic32mx/4.8.3/../../../../pic32mx/lib\libpic32.a(default-on-reset.o)
 .debug_line    0x000004fe       0x98 g:/program files (x86)/microchip/xc32/v1.44/bin/bin/../../lib/gcc/pic32mx/4.8.3/../../../../pic32mx/lib\libpic32.a(default-on-bootstrap.o)
 .debug_line    0x00000596       0xa5 g:/program files (x86)/microchip/xc32/v1.44/bin/bin/../../lib/gcc/pic32mx/4.8.3/../../../../pic32mx/lib\libpic32.a(default-general-exception-handler.o)
 .debug_line    0x0000063b       0xa6 g:/program files (x86)/microchip/xc32/v1.44/bin/bin/../../lib/gcc/pic32mx/4.8.3/../../../../pic32mx/lib\libpic32.a(defaultinterrupt.o)

.debug_frame    0x00000000      0x1dc
 *(.debug_frame)
 .debug_frame   0x00000000       0x48 NU32.o
 .debug_frame   0x00000048       0x20 bluetooth.o
 .debug_frame   0x00000068       0x30 direction.o
 .debug_frame   0x00000098       0x8c main.o
 .debug_frame   0x00000124       0x2c g:/program files (x86)/microchip/xc32/v1.44/bin/bin/../../lib/gcc/pic32mx/4.8.3/../../../../pic32mx/lib\libpic32.a(default-bootstrap-exception-handler.o)
 .debug_frame   0x00000150       0x20 g:/program files (x86)/microchip/xc32/v1.44/bin/bin/../../lib/gcc/pic32mx/4.8.3/../../../../pic32mx/lib\libpic32.a(default-on-reset.o)
 .debug_frame   0x00000170       0x20 g:/program files (x86)/microchip/xc32/v1.44/bin/bin/../../lib/gcc/pic32mx/4.8.3/../../../../pic32mx/lib\libpic32.a(default-on-bootstrap.o)
 .debug_frame   0x00000190       0x2c g:/program files (x86)/microchip/xc32/v1.44/bin/bin/../../lib/gcc/pic32mx/4.8.3/../../../../pic32mx/lib\libpic32.a(default-general-exception-handler.o)
 .debug_frame   0x000001bc       0x20 g:/program files (x86)/microchip/xc32/v1.44/bin/bin/../../lib/gcc/pic32mx/4.8.3/../../../../pic32mx/lib\libpic32.a(defaultinterrupt.o)

.debug_str      0x00000000        0x0
 *(.debug_str)
 .debug_str     0x00000000        0x0 NU32.o
 .debug_str     0x00000000        0x0 bluetooth.o
 .debug_str     0x00000000        0x0 direction.o
 .debug_str     0x00000000        0x0 main.o
 .debug_str     0x00000000        0x0 g:/program files (x86)/microchip/xc32/v1.44/bin/bin/../../lib/gcc/pic32mx/4.8.3/../../../../pic32mx/lib\libpic32.a(default-bootstrap-exception-handler.o)
 .debug_str     0x00000000        0x0 g:/program files (x86)/microchip/xc32/v1.44/bin/bin/../../lib/gcc/pic32mx/4.8.3/../../../../pic32mx/lib\libpic32.a(default-on-reset.o)
 .debug_str     0x00000000        0x0 g:/program files (x86)/microchip/xc32/v1.44/bin/bin/../../lib/gcc/pic32mx/4.8.3/../../../../pic32mx/lib\libpic32.a(default-on-bootstrap.o)
 .debug_str     0x00000000        0x0 g:/program files (x86)/microchip/xc32/v1.44/bin/bin/../../lib/gcc/pic32mx/4.8.3/../../../../pic32mx/lib\libpic32.a(default-general-exception-handler.o)
 .debug_str     0x00000000        0x0 g:/program files (x86)/microchip/xc32/v1.44/bin/bin/../../lib/gcc/pic32mx/4.8.3/../../../../pic32mx/lib\libpic32.a(defaultinterrupt.o)

.debug_loc      0x00000000      0x19e
 *(.debug_loc)
 .debug_loc     0x00000000       0xa8 NU32.o
 .debug_loc     0x000000a8       0x53 direction.o
 .debug_loc     0x000000fb       0x4b main.o
 .debug_loc     0x00000146       0x2c g:/program files (x86)/microchip/xc32/v1.44/bin/bin/../../lib/gcc/pic32mx/4.8.3/../../../../pic32mx/lib\libpic32.a(default-bootstrap-exception-handler.o)
 .debug_loc     0x00000172       0x2c g:/program files (x86)/microchip/xc32/v1.44/bin/bin/../../lib/gcc/pic32mx/4.8.3/../../../../pic32mx/lib\libpic32.a(default-general-exception-handler.o)

.debug_macinfo
 *(.debug_macinfo)

.debug_weaknames
 *(.debug_weaknames)

.debug_funcnames
 *(.debug_funcnames)

.debug_typenames
 *(.debug_typenames)

.debug_varnames
 *(.debug_varnames)

.debug_pubtypes
 *(.debug_pubtypes)

.debug_ranges   0x00000000       0x50
 *(.debug_ranges)
 .debug_ranges  0x00000000       0x10 g:/program files (x86)/microchip/xc32/v1.44/bin/bin/../../lib/gcc/pic32mx/4.8.3/../../../../pic32mx/lib\libpic32.a(default-bootstrap-exception-handler.o)
 .debug_ranges  0x00000010       0x10 g:/program files (x86)/microchip/xc32/v1.44/bin/bin/../../lib/gcc/pic32mx/4.8.3/../../../../pic32mx/lib\libpic32.a(default-on-reset.o)
 .debug_ranges  0x00000020       0x10 g:/program files (x86)/microchip/xc32/v1.44/bin/bin/../../lib/gcc/pic32mx/4.8.3/../../../../pic32mx/lib\libpic32.a(default-on-bootstrap.o)
 .debug_ranges  0x00000030       0x10 g:/program files (x86)/microchip/xc32/v1.44/bin/bin/../../lib/gcc/pic32mx/4.8.3/../../../../pic32mx/lib\libpic32.a(default-general-exception-handler.o)
 .debug_ranges  0x00000040       0x10 g:/program files (x86)/microchip/xc32/v1.44/bin/bin/../../lib/gcc/pic32mx/4.8.3/../../../../pic32mx/lib\libpic32.a(defaultinterrupt.o)

.gnu.attributes
                0x00000000       0x10
 *(.gnu.attributes)
 .gnu.attributes
                0x00000000       0x10 NU32.o
 .gnu.attributes
                0x00000010       0x10 bluetooth.o
 .gnu.attributes
                0x00000020       0x10 direction.o
 .gnu.attributes
                0x00000030       0x10 main.o
 .gnu.attributes
                0x00000040       0x10 g:/program files (x86)/microchip/xc32/v1.44/bin/bin/../../lib/gcc/pic32mx/4.8.3/../../../../pic32mx/lib\libpic32.a(default-bootstrap-exception-handler.o)
 .gnu.attributes
                0x00000050       0x10 g:/program files (x86)/microchip/xc32/v1.44/bin/bin/../../lib/gcc/pic32mx/4.8.3/../../../../pic32mx/lib\libpic32.a(default-on-reset.o)
 .gnu.attributes
                0x00000060       0x10 g:/program files (x86)/microchip/xc32/v1.44/bin/bin/../../lib/gcc/pic32mx/4.8.3/../../../../pic32mx/lib\libpic32.a(default-on-bootstrap.o)
 .gnu.attributes
                0x00000070       0x10 g:/program files (x86)/microchip/xc32/v1.44/bin/bin/../../lib/gcc/pic32mx/4.8.3/../../../../pic32mx/lib\libpic32.a(default-general-exception-handler.o)
 .gnu.attributes
                0x00000080       0x10 g:/program files (x86)/microchip/xc32/v1.44/bin/bin/../../lib/gcc/pic32mx/4.8.3/../../../../pic32mx/lib\libpic32.a(defaultinterrupt.o)
LOAD g:/program files (x86)/microchip/xc32/v1.44/bin/bin/../../lib/gcc/pic32mx/4.8.3/../../../../pic32mx/lib/./proc/32MX795F512H\default_isr_vectors.o
LOAD g:/program files (x86)/microchip/xc32/v1.44/bin/bin/../../lib/gcc/pic32mx/4.8.3/../../../../pic32mx/lib\pic32_software_reset.o
LOAD g:/program files (x86)/microchip/xc32/v1.44/bin/bin/../../lib/gcc/pic32mx/4.8.3\libgcc.a
START GROUP
LOAD g:/program files (x86)/microchip/xc32/v1.44/bin/bin/../../lib/gcc/pic32mx/4.8.3/../../../../pic32mx/lib\libpic32.a
LOAD g:/program files (x86)/microchip/xc32/v1.44/bin/bin/../../lib/gcc/pic32mx/4.8.3/../../../../pic32mx/lib\libdebug.a
LOAD g:/program files (x86)/microchip/xc32/v1.44/bin/bin/../../lib/gcc/pic32mx/4.8.3/../../../../pic32mx/lib\libpic32.a
LOAD g:/program files (x86)/microchip/xc32/v1.44/bin/bin/../../lib/gcc/pic32mx/4.8.3/../../../../pic32mx/lib\liblega-c.a
LOAD g:/program files (x86)/microchip/xc32/v1.44/bin/bin/../../lib/gcc/pic32mx/4.8.3/../../../../pic32mx/lib\libm.a
LOAD g:/program files (x86)/microchip/xc32/v1.44/bin/bin/../../lib/gcc/pic32mx/4.8.3/../../../../pic32mx/lib\libe.a
LOAD g:/program files (x86)/microchip/xc32/v1.44/bin/bin/../../lib/gcc/pic32mx/4.8.3/../../../../pic32mx/lib\libdsp.a
LOAD g:/program files (x86)/microchip/xc32/v1.44/bin/bin/../../lib/gcc/pic32mx/4.8.3\libgcc.a
LOAD g:/program files (x86)/microchip/xc32/v1.44/bin/bin/../../lib/gcc/pic32mx/4.8.3/../../../../pic32mx/lib\libpic32.a
END GROUP
LOAD g:/program files (x86)/microchip/xc32/v1.44/bin/bin/../../lib/gcc/pic32mx/4.8.3\libgcc.a
OUTPUT(out.elf elf32-tradlittlemips)
LOAD stack
LOAD data_init

.stack          0xa0000020      0x400
 .stack         0xa0000020      0x400 stack

.mdebug.abi32   0x00000000        0x0
 .mdebug.abi32  0x00000000        0x0 g:/program files (x86)/microchip/xc32/v1.44/bin/bin/../../lib/gcc/pic32mx/4.8.3/../../../../pic32mx/lib\libpic32.a(defaultinterrupt.o)

.bss            0x00000000        0x0
 .bss           0x00000000        0x0 g:/program files (x86)/microchip/xc32/v1.44/bin/bin/../../lib/gcc/pic32mx/4.8.3/../../../../pic32mx/lib\libpic32.a(defaultinterrupt.o)

.data           0x00000000        0x0
 .data          0x00000000        0x0 g:/program files (x86)/microchip/xc32/v1.44/bin/bin/../../lib/gcc/pic32mx/4.8.3/../../../../pic32mx/lib\libpic32.a(defaultinterrupt.o)

.mdebug.abi32   0x00000000        0x0
 .mdebug.abi32  0x00000000        0x0 g:/program files (x86)/microchip/xc32/v1.44/bin/bin/../../lib/gcc/pic32mx/4.8.3/../../../../pic32mx/lib\libpic32.a(default-general-exception-handler.o)

.bss            0x00000000        0x0
 .bss           0x00000000        0x0 g:/program files (x86)/microchip/xc32/v1.44/bin/bin/../../lib/gcc/pic32mx/4.8.3/../../../../pic32mx/lib\libpic32.a(default-general-exception-handler.o)

.data           0x00000000        0x0
 .data          0x00000000        0x0 g:/program files (x86)/microchip/xc32/v1.44/bin/bin/../../lib/gcc/pic32mx/4.8.3/../../../../pic32mx/lib\libpic32.a(default-general-exception-handler.o)

.bss            0x00000000        0x0
 .bss           0x00000000        0x0 g:/program files (x86)/microchip/xc32/v1.44/bin/bin/../../lib/gcc/pic32mx/4.8.3/../../../../pic32mx/lib\libpic32.a(vector51.o)

.data           0x00000000        0x0
 .data          0x00000000        0x0 g:/program files (x86)/microchip/xc32/v1.44/bin/bin/../../lib/gcc/pic32mx/4.8.3/../../../../pic32mx/lib\libpic32.a(vector51.o)

.bss            0x00000000        0x0
 .bss           0x00000000        0x0 g:/program files (x86)/microchip/xc32/v1.44/bin/bin/../../lib/gcc/pic32mx/4.8.3/../../../../pic32mx/lib\libpic32.a(vector50.o)

.data           0x00000000        0x0
 .data          0x00000000        0x0 g:/program files (x86)/microchip/xc32/v1.44/bin/bin/../../lib/gcc/pic32mx/4.8.3/../../../../pic32mx/lib\libpic32.a(vector50.o)

.bss            0x00000000        0x0
 .bss           0x00000000        0x0 g:/program files (x86)/microchip/xc32/v1.44/bin/bin/../../lib/gcc/pic32mx/4.8.3/../../../../pic32mx/lib\libpic32.a(vector49.o)

.data           0x00000000        0x0
 .data          0x00000000        0x0 g:/program files (x86)/microchip/xc32/v1.44/bin/bin/../../lib/gcc/pic32mx/4.8.3/../../../../pic32mx/lib\libpic32.a(vector49.o)

.bss            0x00000000        0x0
 .bss           0x00000000        0x0 g:/program files (x86)/microchip/xc32/v1.44/bin/bin/../../lib/gcc/pic32mx/4.8.3/../../../../pic32mx/lib\libpic32.a(vector48.o)

.data           0x00000000        0x0
 .data          0x00000000        0x0 g:/program files (x86)/microchip/xc32/v1.44/bin/bin/../../lib/gcc/pic32mx/4.8.3/../../../../pic32mx/lib\libpic32.a(vector48.o)

.bss            0x00000000        0x0
 .bss           0x00000000        0x0 g:/program files (x86)/microchip/xc32/v1.44/bin/bin/../../lib/gcc/pic32mx/4.8.3/../../../../pic32mx/lib\libpic32.a(vector47.o)

.data           0x00000000        0x0
 .data          0x00000000        0x0 g:/program files (x86)/microchip/xc32/v1.44/bin/bin/../../lib/gcc/pic32mx/4.8.3/../../../../pic32mx/lib\libpic32.a(vector47.o)

.bss            0x00000000        0x0
 .bss           0x00000000        0x0 g:/program files (x86)/microchip/xc32/v1.44/bin/bin/../../lib/gcc/pic32mx/4.8.3/../../../../pic32mx/lib\libpic32.a(vector46.o)

.data           0x00000000        0x0
 .data          0x00000000        0x0 g:/program files (x86)/microchip/xc32/v1.44/bin/bin/../../lib/gcc/pic32mx/4.8.3/../../../../pic32mx/lib\libpic32.a(vector46.o)

.bss            0x00000000        0x0
 .bss           0x00000000        0x0 g:/program files (x86)/microchip/xc32/v1.44/bin/bin/../../lib/gcc/pic32mx/4.8.3/../../../../pic32mx/lib\libpic32.a(vector45.o)

.data           0x00000000        0x0
 .data          0x00000000        0x0 g:/program files (x86)/microchip/xc32/v1.44/bin/bin/../../lib/gcc/pic32mx/4.8.3/../../../../pic32mx/lib\libpic32.a(vector45.o)

.bss            0x00000000        0x0
 .bss           0x00000000        0x0 g:/program files (x86)/microchip/xc32/v1.44/bin/bin/../../lib/gcc/pic32mx/4.8.3/../../../../pic32mx/lib\libpic32.a(vector44.o)

.data           0x00000000        0x0
 .data          0x00000000        0x0 g:/program files (x86)/microchip/xc32/v1.44/bin/bin/../../lib/gcc/pic32mx/4.8.3/../../../../pic32mx/lib\libpic32.a(vector44.o)

.bss            0x00000000        0x0
 .bss           0x00000000        0x0 g:/program files (x86)/microchip/xc32/v1.44/bin/bin/../../lib/gcc/pic32mx/4.8.3/../../../../pic32mx/lib\libpic32.a(vector43.o)

.data           0x00000000        0x0
 .data          0x00000000        0x0 g:/program files (x86)/microchip/xc32/v1.44/bin/bin/../../lib/gcc/pic32mx/4.8.3/../../../../pic32mx/lib\libpic32.a(vector43.o)

.bss            0x00000000        0x0
 .bss           0x00000000        0x0 g:/program files (x86)/microchip/xc32/v1.44/bin/bin/../../lib/gcc/pic32mx/4.8.3/../../../../pic32mx/lib\libpic32.a(vector42.o)

.data           0x00000000        0x0
 .data          0x00000000        0x0 g:/program files (x86)/microchip/xc32/v1.44/bin/bin/../../lib/gcc/pic32mx/4.8.3/../../../../pic32mx/lib\libpic32.a(vector42.o)

.bss            0x00000000        0x0
 .bss           0x00000000        0x0 g:/program files (x86)/microchip/xc32/v1.44/bin/bin/../../lib/gcc/pic32mx/4.8.3/../../../../pic32mx/lib\libpic32.a(vector41.o)

.data           0x00000000        0x0
 .data          0x00000000        0x0 g:/program files (x86)/microchip/xc32/v1.44/bin/bin/../../lib/gcc/pic32mx/4.8.3/../../../../pic32mx/lib\libpic32.a(vector41.o)

.bss            0x00000000        0x0
 .bss           0x00000000        0x0 g:/program files (x86)/microchip/xc32/v1.44/bin/bin/../../lib/gcc/pic32mx/4.8.3/../../../../pic32mx/lib\libpic32.a(vector40.o)

.data           0x00000000        0x0
 .data          0x00000000        0x0 g:/program files (x86)/microchip/xc32/v1.44/bin/bin/../../lib/gcc/pic32mx/4.8.3/../../../../pic32mx/lib\libpic32.a(vector40.o)

.bss            0x00000000        0x0
 .bss           0x00000000        0x0 g:/program files (x86)/microchip/xc32/v1.44/bin/bin/../../lib/gcc/pic32mx/4.8.3/../../../../pic32mx/lib\libpic32.a(vector39.o)

.data           0x00000000        0x0
 .data          0x00000000        0x0 g:/program files (x86)/microchip/xc32/v1.44/bin/bin/../../lib/gcc/pic32mx/4.8.3/../../../../pic32mx/lib\libpic32.a(vector39.o)

.bss            0x00000000        0x0
 .bss           0x00000000        0x0 g:/program files (x86)/microchip/xc32/v1.44/bin/bin/../../lib/gcc/pic32mx/4.8.3/../../../../pic32mx/lib\libpic32.a(vector38.o)

.data           0x00000000        0x0
 .data          0x00000000        0x0 g:/program files (x86)/microchip/xc32/v1.44/bin/bin/../../lib/gcc/pic32mx/4.8.3/../../../../pic32mx/lib\libpic32.a(vector38.o)

.bss            0x00000000        0x0
 .bss           0x00000000        0x0 g:/program files (x86)/microchip/xc32/v1.44/bin/bin/../../lib/gcc/pic32mx/4.8.3/../../../../pic32mx/lib\libpic32.a(vector37.o)

.data           0x00000000        0x0
 .data          0x00000000        0x0 g:/program files (x86)/microchip/xc32/v1.44/bin/bin/../../lib/gcc/pic32mx/4.8.3/../../../../pic32mx/lib\libpic32.a(vector37.o)

.bss            0x00000000        0x0
 .bss           0x00000000        0x0 g:/program files (x86)/microchip/xc32/v1.44/bin/bin/../../lib/gcc/pic32mx/4.8.3/../../../../pic32mx/lib\libpic32.a(vector36.o)

.data           0x00000000        0x0
 .data          0x00000000        0x0 g:/program files (x86)/microchip/xc32/v1.44/bin/bin/../../lib/gcc/pic32mx/4.8.3/../../../../pic32mx/lib\libpic32.a(vector36.o)

.bss            0x00000000        0x0
 .bss           0x00000000        0x0 g:/program files (x86)/microchip/xc32/v1.44/bin/bin/../../lib/gcc/pic32mx/4.8.3/../../../../pic32mx/lib\libpic32.a(vector35.o)

.data           0x00000000        0x0
 .data          0x00000000        0x0 g:/program files (x86)/microchip/xc32/v1.44/bin/bin/../../lib/gcc/pic32mx/4.8.3/../../../../pic32mx/lib\libpic32.a(vector35.o)

.bss            0x00000000        0x0
 .bss           0x00000000        0x0 g:/program files (x86)/microchip/xc32/v1.44/bin/bin/../../lib/gcc/pic32mx/4.8.3/../../../../pic32mx/lib\libpic32.a(vector34.o)

.data           0x00000000        0x0
 .data          0x00000000        0x0 g:/program files (x86)/microchip/xc32/v1.44/bin/bin/../../lib/gcc/pic32mx/4.8.3/../../../../pic32mx/lib\libpic32.a(vector34.o)

.bss            0x00000000        0x0
 .bss           0x00000000        0x0 g:/program files (x86)/microchip/xc32/v1.44/bin/bin/../../lib/gcc/pic32mx/4.8.3/../../../../pic32mx/lib\libpic32.a(vector33.o)

.data           0x00000000        0x0
 .data          0x00000000        0x0 g:/program files (x86)/microchip/xc32/v1.44/bin/bin/../../lib/gcc/pic32mx/4.8.3/../../../../pic32mx/lib\libpic32.a(vector33.o)

.bss            0x00000000        0x0
 .bss           0x00000000        0x0 g:/program files (x86)/microchip/xc32/v1.44/bin/bin/../../lib/gcc/pic32mx/4.8.3/../../../../pic32mx/lib\libpic32.a(vector32.o)

.data           0x00000000        0x0
 .data          0x00000000        0x0 g:/program files (x86)/microchip/xc32/v1.44/bin/bin/../../lib/gcc/pic32mx/4.8.3/../../../../pic32mx/lib\libpic32.a(vector32.o)

.bss            0x00000000        0x0
 .bss           0x00000000        0x0 g:/program files (x86)/microchip/xc32/v1.44/bin/bin/../../lib/gcc/pic32mx/4.8.3/../../../../pic32mx/lib\libpic32.a(vector31.o)

.data           0x00000000        0x0
 .data          0x00000000        0x0 g:/program files (x86)/microchip/xc32/v1.44/bin/bin/../../lib/gcc/pic32mx/4.8.3/../../../../pic32mx/lib\libpic32.a(vector31.o)

.bss            0x00000000        0x0
 .bss           0x00000000        0x0 g:/program files (x86)/microchip/xc32/v1.44/bin/bin/../../lib/gcc/pic32mx/4.8.3/../../../../pic32mx/lib\libpic32.a(vector30.o)

.data           0x00000000        0x0
 .data          0x00000000        0x0 g:/program files (x86)/microchip/xc32/v1.44/bin/bin/../../lib/gcc/pic32mx/4.8.3/../../../../pic32mx/lib\libpic32.a(vector30.o)

.bss            0x00000000        0x0
 .bss           0x00000000        0x0 g:/program files (x86)/microchip/xc32/v1.44/bin/bin/../../lib/gcc/pic32mx/4.8.3/../../../../pic32mx/lib\libpic32.a(vector29.o)

.data           0x00000000        0x0
 .data          0x00000000        0x0 g:/program files (x86)/microchip/xc32/v1.44/bin/bin/../../lib/gcc/pic32mx/4.8.3/../../../../pic32mx/lib\libpic32.a(vector29.o)

.bss            0x00000000        0x0
 .bss           0x00000000        0x0 g:/program files (x86)/microchip/xc32/v1.44/bin/bin/../../lib/gcc/pic32mx/4.8.3/../../../../pic32mx/lib\libpic32.a(vector28.o)

.data           0x00000000        0x0
 .data          0x00000000        0x0 g:/program files (x86)/microchip/xc32/v1.44/bin/bin/../../lib/gcc/pic32mx/4.8.3/../../../../pic32mx/lib\libpic32.a(vector28.o)

.bss            0x00000000        0x0
 .bss           0x00000000        0x0 g:/program files (x86)/microchip/xc32/v1.44/bin/bin/../../lib/gcc/pic32mx/4.8.3/../../../../pic32mx/lib\libpic32.a(vector27.o)

.data           0x00000000        0x0
 .data          0x00000000        0x0 g:/program files (x86)/microchip/xc32/v1.44/bin/bin/../../lib/gcc/pic32mx/4.8.3/../../../../pic32mx/lib\libpic32.a(vector27.o)

.bss            0x00000000        0x0
 .bss           0x00000000        0x0 g:/program files (x86)/microchip/xc32/v1.44/bin/bin/../../lib/gcc/pic32mx/4.8.3/../../../../pic32mx/lib\libpic32.a(vector26.o)

.data           0x00000000        0x0
 .data          0x00000000        0x0 g:/program files (x86)/microchip/xc32/v1.44/bin/bin/../../lib/gcc/pic32mx/4.8.3/../../../../pic32mx/lib\libpic32.a(vector26.o)

.bss            0x00000000        0x0
 .bss           0x00000000        0x0 g:/program files (x86)/microchip/xc32/v1.44/bin/bin/../../lib/gcc/pic32mx/4.8.3/../../../../pic32mx/lib\libpic32.a(vector25.o)

.data           0x00000000        0x0
 .data          0x00000000        0x0 g:/program files (x86)/microchip/xc32/v1.44/bin/bin/../../lib/gcc/pic32mx/4.8.3/../../../../pic32mx/lib\libpic32.a(vector25.o)

.bss            0x00000000        0x0
 .bss           0x00000000        0x0 g:/program files (x86)/microchip/xc32/v1.44/bin/bin/../../lib/gcc/pic32mx/4.8.3/../../../../pic32mx/lib\libpic32.a(vector23.o)

.data           0x00000000        0x0
 .data          0x00000000        0x0 g:/program files (x86)/microchip/xc32/v1.44/bin/bin/../../lib/gcc/pic32mx/4.8.3/../../../../pic32mx/lib\libpic32.a(vector23.o)

.bss            0x00000000        0x0
 .bss           0x00000000        0x0 g:/program files (x86)/microchip/xc32/v1.44/bin/bin/../../lib/gcc/pic32mx/4.8.3/../../../../pic32mx/lib\libpic32.a(vector22.o)

.data           0x00000000        0x0
 .data          0x00000000        0x0 g:/program files (x86)/microchip/xc32/v1.44/bin/bin/../../lib/gcc/pic32mx/4.8.3/../../../../pic32mx/lib\libpic32.a(vector22.o)

.bss            0x00000000        0x0
 .bss           0x00000000        0x0 g:/program files (x86)/microchip/xc32/v1.44/bin/bin/../../lib/gcc/pic32mx/4.8.3/../../../../pic32mx/lib\libpic32.a(vector21.o)

.data           0x00000000        0x0
 .data          0x00000000        0x0 g:/program files (x86)/microchip/xc32/v1.44/bin/bin/../../lib/gcc/pic32mx/4.8.3/../../../../pic32mx/lib\libpic32.a(vector21.o)

.bss            0x00000000        0x0
 .bss           0x00000000        0x0 g:/program files (x86)/microchip/xc32/v1.44/bin/bin/../../lib/gcc/pic32mx/4.8.3/../../../../pic32mx/lib\libpic32.a(vector20.o)

.data           0x00000000        0x0
 .data          0x00000000        0x0 g:/program files (x86)/microchip/xc32/v1.44/bin/bin/../../lib/gcc/pic32mx/4.8.3/../../../../pic32mx/lib\libpic32.a(vector20.o)

.bss            0x00000000        0x0
 .bss           0x00000000        0x0 g:/program files (x86)/microchip/xc32/v1.44/bin/bin/../../lib/gcc/pic32mx/4.8.3/../../../../pic32mx/lib\libpic32.a(vector19.o)

.data           0x00000000        0x0
 .data          0x00000000        0x0 g:/program files (x86)/microchip/xc32/v1.44/bin/bin/../../lib/gcc/pic32mx/4.8.3/../../../../pic32mx/lib\libpic32.a(vector19.o)

.bss            0x00000000        0x0
 .bss           0x00000000        0x0 g:/program files (x86)/microchip/xc32/v1.44/bin/bin/../../lib/gcc/pic32mx/4.8.3/../../../../pic32mx/lib\libpic32.a(vector18.o)

.data           0x00000000        0x0
 .data          0x00000000        0x0 g:/program files (x86)/microchip/xc32/v1.44/bin/bin/../../lib/gcc/pic32mx/4.8.3/../../../../pic32mx/lib\libpic32.a(vector18.o)

.bss            0x00000000        0x0
 .bss           0x00000000        0x0 g:/program files (x86)/microchip/xc32/v1.44/bin/bin/../../lib/gcc/pic32mx/4.8.3/../../../../pic32mx/lib\libpic32.a(vector17.o)

.data           0x00000000        0x0
 .data          0x00000000        0x0 g:/program files (x86)/microchip/xc32/v1.44/bin/bin/../../lib/gcc/pic32mx/4.8.3/../../../../pic32mx/lib\libpic32.a(vector17.o)

.bss            0x00000000        0x0
 .bss           0x00000000        0x0 g:/program files (x86)/microchip/xc32/v1.44/bin/bin/../../lib/gcc/pic32mx/4.8.3/../../../../pic32mx/lib\libpic32.a(vector16.o)

.data           0x00000000        0x0
 .data          0x00000000        0x0 g:/program files (x86)/microchip/xc32/v1.44/bin/bin/../../lib/gcc/pic32mx/4.8.3/../../../../pic32mx/lib\libpic32.a(vector16.o)

.bss            0x00000000        0x0
 .bss           0x00000000        0x0 g:/program files (x86)/microchip/xc32/v1.44/bin/bin/../../lib/gcc/pic32mx/4.8.3/../../../../pic32mx/lib\libpic32.a(vector15.o)

.data           0x00000000        0x0
 .data          0x00000000        0x0 g:/program files (x86)/microchip/xc32/v1.44/bin/bin/../../lib/gcc/pic32mx/4.8.3/../../../../pic32mx/lib\libpic32.a(vector15.o)

.bss            0x00000000        0x0
 .bss           0x00000000        0x0 g:/program files (x86)/microchip/xc32/v1.44/bin/bin/../../lib/gcc/pic32mx/4.8.3/../../../../pic32mx/lib\libpic32.a(vector14.o)

.data           0x00000000        0x0
 .data          0x00000000        0x0 g:/program files (x86)/microchip/xc32/v1.44/bin/bin/../../lib/gcc/pic32mx/4.8.3/../../../../pic32mx/lib\libpic32.a(vector14.o)

.bss            0x00000000        0x0
 .bss           0x00000000        0x0 g:/program files (x86)/microchip/xc32/v1.44/bin/bin/../../lib/gcc/pic32mx/4.8.3/../../../../pic32mx/lib\libpic32.a(vector13.o)

.data           0x00000000        0x0
 .data          0x00000000        0x0 g:/program files (x86)/microchip/xc32/v1.44/bin/bin/../../lib/gcc/pic32mx/4.8.3/../../../../pic32mx/lib\libpic32.a(vector13.o)

.bss            0x00000000        0x0
 .bss           0x00000000        0x0 g:/program files (x86)/microchip/xc32/v1.44/bin/bin/../../lib/gcc/pic32mx/4.8.3/../../../../pic32mx/lib\libpic32.a(vector12.o)

.data           0x00000000        0x0
 .data          0x00000000        0x0 g:/program files (x86)/microchip/xc32/v1.44/bin/bin/../../lib/gcc/pic32mx/4.8.3/../../../../pic32mx/lib\libpic32.a(vector12.o)

.bss            0x00000000        0x0
 .bss           0x00000000        0x0 g:/program files (x86)/microchip/xc32/v1.44/bin/bin/../../lib/gcc/pic32mx/4.8.3/../../../../pic32mx/lib\libpic32.a(vector11.o)

.data           0x00000000        0x0
 .data          0x00000000        0x0 g:/program files (x86)/microchip/xc32/v1.44/bin/bin/../../lib/gcc/pic32mx/4.8.3/../../../../pic32mx/lib\libpic32.a(vector11.o)

.bss            0x00000000        0x0
 .bss           0x00000000        0x0 g:/program files (x86)/microchip/xc32/v1.44/bin/bin/../../lib/gcc/pic32mx/4.8.3/../../../../pic32mx/lib\libpic32.a(vector10.o)

.data           0x00000000        0x0
 .data          0x00000000        0x0 g:/program files (x86)/microchip/xc32/v1.44/bin/bin/../../lib/gcc/pic32mx/4.8.3/../../../../pic32mx/lib\libpic32.a(vector10.o)

.bss            0x00000000        0x0
 .bss           0x00000000        0x0 g:/program files (x86)/microchip/xc32/v1.44/bin/bin/../../lib/gcc/pic32mx/4.8.3/../../../../pic32mx/lib\libpic32.a(vector9.o)

.data           0x00000000        0x0
 .data          0x00000000        0x0 g:/program files (x86)/microchip/xc32/v1.44/bin/bin/../../lib/gcc/pic32mx/4.8.3/../../../../pic32mx/lib\libpic32.a(vector9.o)

.bss            0x00000000        0x0
 .bss           0x00000000        0x0 g:/program files (x86)/microchip/xc32/v1.44/bin/bin/../../lib/gcc/pic32mx/4.8.3/../../../../pic32mx/lib\libpic32.a(vector8.o)

.data           0x00000000        0x0
 .data          0x00000000        0x0 g:/program files (x86)/microchip/xc32/v1.44/bin/bin/../../lib/gcc/pic32mx/4.8.3/../../../../pic32mx/lib\libpic32.a(vector8.o)

.bss            0x00000000        0x0
 .bss           0x00000000        0x0 g:/program files (x86)/microchip/xc32/v1.44/bin/bin/../../lib/gcc/pic32mx/4.8.3/../../../../pic32mx/lib\libpic32.a(vector7.o)

.data           0x00000000        0x0
 .data          0x00000000        0x0 g:/program files (x86)/microchip/xc32/v1.44/bin/bin/../../lib/gcc/pic32mx/4.8.3/../../../../pic32mx/lib\libpic32.a(vector7.o)

.bss            0x00000000        0x0
 .bss           0x00000000        0x0 g:/program files (x86)/microchip/xc32/v1.44/bin/bin/../../lib/gcc/pic32mx/4.8.3/../../../../pic32mx/lib\libpic32.a(vector6.o)

.data           0x00000000        0x0
 .data          0x00000000        0x0 g:/program files (x86)/microchip/xc32/v1.44/bin/bin/../../lib/gcc/pic32mx/4.8.3/../../../../pic32mx/lib\libpic32.a(vector6.o)

.bss            0x00000000        0x0
 .bss           0x00000000        0x0 g:/program files (x86)/microchip/xc32/v1.44/bin/bin/../../lib/gcc/pic32mx/4.8.3/../../../../pic32mx/lib\libpic32.a(vector5.o)

.data           0x00000000        0x0
 .data          0x00000000        0x0 g:/program files (x86)/microchip/xc32/v1.44/bin/bin/../../lib/gcc/pic32mx/4.8.3/../../../../pic32mx/lib\libpic32.a(vector5.o)

.bss            0x00000000        0x0
 .bss           0x00000000        0x0 g:/program files (x86)/microchip/xc32/v1.44/bin/bin/../../lib/gcc/pic32mx/4.8.3/../../../../pic32mx/lib\libpic32.a(vector4.o)

.data           0x00000000        0x0
 .data          0x00000000        0x0 g:/program files (x86)/microchip/xc32/v1.44/bin/bin/../../lib/gcc/pic32mx/4.8.3/../../../../pic32mx/lib\libpic32.a(vector4.o)

.bss            0x00000000        0x0
 .bss           0x00000000        0x0 g:/program files (x86)/microchip/xc32/v1.44/bin/bin/../../lib/gcc/pic32mx/4.8.3/../../../../pic32mx/lib\libpic32.a(vector3.o)

.data           0x00000000        0x0
 .data          0x00000000        0x0 g:/program files (x86)/microchip/xc32/v1.44/bin/bin/../../lib/gcc/pic32mx/4.8.3/../../../../pic32mx/lib\libpic32.a(vector3.o)

.bss            0x00000000        0x0
 .bss           0x00000000        0x0 g:/program files (x86)/microchip/xc32/v1.44/bin/bin/../../lib/gcc/pic32mx/4.8.3/../../../../pic32mx/lib\libpic32.a(vector2.o)

.data           0x00000000        0x0
 .data          0x00000000        0x0 g:/program files (x86)/microchip/xc32/v1.44/bin/bin/../../lib/gcc/pic32mx/4.8.3/../../../../pic32mx/lib\libpic32.a(vector2.o)

.bss            0x00000000        0x0
 .bss           0x00000000        0x0 g:/program files (x86)/microchip/xc32/v1.44/bin/bin/../../lib/gcc/pic32mx/4.8.3/../../../../pic32mx/lib\libpic32.a(vector1.o)

.data           0x00000000        0x0
 .data          0x00000000        0x0 g:/program files (x86)/microchip/xc32/v1.44/bin/bin/../../lib/gcc/pic32mx/4.8.3/../../../../pic32mx/lib\libpic32.a(vector1.o)

.bss            0x00000000        0x0
 .bss           0x00000000        0x0 g:/program files (x86)/microchip/xc32/v1.44/bin/bin/../../lib/gcc/pic32mx/4.8.3/../../../../pic32mx/lib\libpic32.a(vector0.o)

.data           0x00000000        0x0
 .data          0x00000000        0x0 g:/program files (x86)/microchip/xc32/v1.44/bin/bin/../../lib/gcc/pic32mx/4.8.3/../../../../pic32mx/lib\libpic32.a(vector0.o)

.bss            0x00000000        0x0
 .bss           0x00000000        0x0 g:/program files (x86)/microchip/xc32/v1.44/bin/bin/../../lib/gcc/pic32mx/4.8.3/../../../../pic32mx/lib\libpic32.a(general-exception.o)

.data           0x00000000        0x0
 .data          0x00000000        0x0 g:/program files (x86)/microchip/xc32/v1.44/bin/bin/../../lib/gcc/pic32mx/4.8.3/../../../../pic32mx/lib\libpic32.a(general-exception.o)

.bss            0x00000000        0x0
 .bss           0x00000000        0x0 g:/program files (x86)/microchip/xc32/v1.44/bin/bin/../../lib/gcc/pic32mx/4.8.3/../../../../pic32mx/lib\libpic32.a(default-nmi-handler.o)

.data           0x00000000        0x0
 .data          0x00000000        0x0 g:/program files (x86)/microchip/xc32/v1.44/bin/bin/../../lib/gcc/pic32mx/4.8.3/../../../../pic32mx/lib\libpic32.a(default-nmi-handler.o)

.mdebug.abi32   0x00000000        0x0
 .mdebug.abi32  0x00000000        0x0 g:/program files (x86)/microchip/xc32/v1.44/bin/bin/../../lib/gcc/pic32mx/4.8.3/../../../../pic32mx/lib\libpic32.a(default-on-bootstrap.o)

.bss            0x00000000        0x0
 .bss           0x00000000        0x0 g:/program files (x86)/microchip/xc32/v1.44/bin/bin/../../lib/gcc/pic32mx/4.8.3/../../../../pic32mx/lib\libpic32.a(default-on-bootstrap.o)

.data           0x00000000        0x0
 .data          0x00000000        0x0 g:/program files (x86)/microchip/xc32/v1.44/bin/bin/../../lib/gcc/pic32mx/4.8.3/../../../../pic32mx/lib\libpic32.a(default-on-bootstrap.o)

.mdebug.abi32   0x00000000        0x0
 .mdebug.abi32  0x00000000        0x0 g:/program files (x86)/microchip/xc32/v1.44/bin/bin/../../lib/gcc/pic32mx/4.8.3/../../../../pic32mx/lib\libpic32.a(default-on-reset.o)

.bss            0x00000000        0x0
 .bss           0x00000000        0x0 g:/program files (x86)/microchip/xc32/v1.44/bin/bin/../../lib/gcc/pic32mx/4.8.3/../../../../pic32mx/lib\libpic32.a(default-on-reset.o)

.data           0x00000000        0x0
 .data          0x00000000        0x0 g:/program files (x86)/microchip/xc32/v1.44/bin/bin/../../lib/gcc/pic32mx/4.8.3/../../../../pic32mx/lib\libpic32.a(default-on-reset.o)

.mdebug.abi32   0x00000000        0x0
 .mdebug.abi32  0x00000000        0x0 g:/program files (x86)/microchip/xc32/v1.44/bin/bin/../../lib/gcc/pic32mx/4.8.3/../../../../pic32mx/lib\libpic32.a(default-bootstrap-exception-handler.o)

.bss            0x00000000        0x0
 .bss           0x00000000        0x0 g:/program files (x86)/microchip/xc32/v1.44/bin/bin/../../lib/gcc/pic32mx/4.8.3/../../../../pic32mx/lib\libpic32.a(default-bootstrap-exception-handler.o)

.data           0x00000000        0x0
 .data          0x00000000        0x0 g:/program files (x86)/microchip/xc32/v1.44/bin/bin/../../lib/gcc/pic32mx/4.8.3/../../../../pic32mx/lib\libpic32.a(default-bootstrap-exception-handler.o)

.bss            0x00000000        0x0
 .bss           0x00000000        0x0 g:/program files (x86)/microchip/xc32/v1.44/bin/bin/../../lib/gcc/pic32mx/4.8.3/../../../../pic32mx/lib\pic32_software_reset.o

.data           0x00000000        0x0
 .data          0x00000000        0x0 g:/program files (x86)/microchip/xc32/v1.44/bin/bin/../../lib/gcc/pic32mx/4.8.3/../../../../pic32mx/lib\pic32_software_reset.o

.bss            0x00000000        0x0
 .bss           0x00000000        0x0 g:/program files (x86)/microchip/xc32/v1.44/bin/bin/../../lib/gcc/pic32mx/4.8.3/../../../../pic32mx/lib/./proc/32MX795F512H\default_isr_vectors.o

.data           0x00000000        0x0
 .data          0x00000000        0x0 g:/program files (x86)/microchip/xc32/v1.44/bin/bin/../../lib/gcc/pic32mx/4.8.3/../../../../pic32mx/lib/./proc/32MX795F512H\default_isr_vectors.o

.bss            0x00000000        0x0
 .bss           0x00000000        0x0 g:/program files (x86)/microchip/xc32/v1.44/bin/bin/../../lib/gcc/pic32mx/4.8.3/../../../../pic32mx/lib/./proc/32MX795F512H\processor.o

.data           0x00000000        0x0
 .data          0x00000000        0x0 g:/program files (x86)/microchip/xc32/v1.44/bin/bin/../../lib/gcc/pic32mx/4.8.3/../../../../pic32mx/lib/./proc/32MX795F512H\processor.o

.mdebug.abi32   0x00000000        0x0
 .mdebug.abi32  0x00000000        0x0 main.o

.bss            0x00000000        0x0
 .bss           0x00000000        0x0 main.o

.data           0x00000000        0x0
 .data          0x00000000        0x0 main.o

.mdebug.abi32   0x00000000        0x0
 .mdebug.abi32  0x00000000        0x0 direction.o

.bss            0x00000000        0x0
 .bss           0x00000000        0x0 direction.o

.data           0x00000000        0x0
 .data          0x00000000        0x0 direction.o

.mdebug.abi32   0x00000000        0x0
 .mdebug.abi32  0x00000000        0x0 bluetooth.o

.bss            0x00000000        0x0
 .bss           0x00000000        0x0 bluetooth.o

.data           0x00000000        0x0
 .data          0x00000000        0x0 bluetooth.o

.mdebug.abi32   0x00000000        0x0
 .mdebug.abi32  0x00000000        0x0 NU32.o

.bss            0x00000000        0x0
 .bss           0x00000000        0x0 NU32.o

.data           0x00000000        0x0
 .data          0x00000000        0x0 NU32.o

.bss            0x00000000        0x0
 .bss           0x00000000        0x0 g:/program files (x86)/microchip/xc32/v1.44/bin/bin/../../lib/gcc/pic32mx/4.8.3/../../../../pic32mx/lib\debug-exception-return.o

.data           0x00000000        0x0
 .data          0x00000000        0x0 g:/program files (x86)/microchip/xc32/v1.44/bin/bin/../../lib/gcc/pic32mx/4.8.3/../../../../pic32mx/lib\debug-exception-return.o

.bss            0x00000000        0x0
 .bss           0x00000000        0x0 g:/program files (x86)/microchip/xc32/v1.44/bin/bin/../../lib/gcc/pic32mx/4.8.3/../../../../pic32mx/lib/./proc/32MX795F512H/crt0_mips32r2.o

.data           0x00000000        0x0
 .data          0x00000000        0x0 g:/program files (x86)/microchip/xc32/v1.44/bin/bin/../../lib/gcc/pic32mx/4.8.3/../../../../pic32mx/lib/./proc/32MX795F512H/crt0_mips32r2.o

._debug_exception
                0xbfc00480       0x2c
 ._debug_exception
                0xbfc00480       0x2c g:/program files (x86)/microchip/xc32/v1.44/bin/bin/../../lib/gcc/pic32mx/4.8.3/../../../../pic32mx/lib\debug-exception-return.o
                0xbfc00480                __DbgExecReturn

.text           0x9d001e00      0x6e0
 .text          0x9d001e00      0x504 main.o
                0x9d001f08                IntUart1Handler
                0x9d002184                main
 .text          0x9d002304      0x1dc direction.o
                0x9d002304                dir
                0x9d002464                pwmInit

.text           0x9d0024e0      0x1c4
 .text          0x9d0024e0      0x1c4 NU32.o
                0x9d0024e0                NU32_Startup
                0x9d0025f4                NU32_ReadUART3
                0x9d002668                NU32_WriteUART3

.text.general_exception
                0x9d0026a4       0xdc
 .text.general_exception
                0x9d0026a4       0xdc g:/program files (x86)/microchip/xc32/v1.44/bin/bin/../../lib/gcc/pic32mx/4.8.3/../../../../pic32mx/lib\libpic32.a(general-exception.o)
                0x9d0026a4                _general_exception_context

.text           0x9d002780       0x8c
 .text          0x9d002780       0x8c bluetooth.o
                0x9d002780                btInit

.text.main_entry
                0x9d00280c       0x54
 .text.main_entry
                0x9d00280c       0x54 g:/program files (x86)/microchip/xc32/v1.44/bin/bin/../../lib/gcc/pic32mx/4.8.3/../../../../pic32mx/lib/./proc/32MX795F512H/crt0_mips32r2.o
                0x9d002840                __crt0_exit

.text._bootstrap_exception_handler
                0x9d002860       0x48
 .text._bootstrap_exception_handler
                0x9d002860       0x48 g:/program files (x86)/microchip/xc32/v1.44/bin/bin/../../lib/gcc/pic32mx/4.8.3/../../../../pic32mx/lib\libpic32.a(default-bootstrap-exception-handler.o)
                0x9d002860                _bootstrap_exception_handler

.text._general_exception_handler
                0x9d0028a8       0x48
 .text._general_exception_handler
                0x9d0028a8       0x48 g:/program files (x86)/microchip/xc32/v1.44/bin/bin/../../lib/gcc/pic32mx/4.8.3/../../../../pic32mx/lib\libpic32.a(default-general-exception-handler.o)
                0x9d0028a8                _general_exception_handler

.vector_default
                0x9d0028f0       0x48
 .vector_default
                0x9d0028f0       0x48 g:/program files (x86)/microchip/xc32/v1.44/bin/bin/../../lib/gcc/pic32mx/4.8.3/../../../../pic32mx/lib\libpic32.a(defaultinterrupt.o)
                0x9d0028f0                _DefaultInterrupt

.text           0x9d002938       0x5c
 .text          0x9d002938       0x44 g:/program files (x86)/microchip/xc32/v1.44/bin/bin/../../lib/gcc/pic32mx/4.8.3/../../../../pic32mx/lib\pic32_software_reset.o
                0x9d002938                __pic32_software_reset
 .text          0x9d00297c       0x18 g:/program files (x86)/microchip/xc32/v1.44/bin/bin/../../lib/gcc/pic32mx/4.8.3/../../../../pic32mx/lib\libpic32.a(default-nmi-handler.o)
                0x9d00297c                _nmi_handler

.dinit          0x9d002994       0x10
 .dinit         0x9d002994       0x10 data_init

.text._on_reset
                0x9d0029a4        0x8
 .text._on_reset
                0x9d0029a4        0x8 g:/program files (x86)/microchip/xc32/v1.44/bin/bin/../../lib/gcc/pic32mx/4.8.3/../../../../pic32mx/lib\libpic32.a(default-on-reset.o)
                0x9d0029a4                _on_reset

.text._on_bootstrap
                0x9d0029ac        0x8
 .text._on_bootstrap
                0x9d0029ac        0x8 g:/program files (x86)/microchip/xc32/v1.44/bin/bin/../../lib/gcc/pic32mx/4.8.3/../../../../pic32mx/lib\libpic32.a(default-on-bootstrap.o)
                0x9d0029ac                _on_bootstrap

.text           0x00000000        0x0
 .text          0x00000000        0x0 g:/program files (x86)/microchip/xc32/v1.44/bin/bin/../../lib/gcc/pic32mx/4.8.3/../../../../pic32mx/lib\libpic32.a(defaultinterrupt.o)

.text           0x00000000        0x0
 .text          0x00000000        0x0 g:/program files (x86)/microchip/xc32/v1.44/bin/bin/../../lib/gcc/pic32mx/4.8.3/../../../../pic32mx/lib\libpic32.a(default-general-exception-handler.o)

.text           0x00000000        0x0
 .text          0x00000000        0x0 g:/program files (x86)/microchip/xc32/v1.44/bin/bin/../../lib/gcc/pic32mx/4.8.3/../../../../pic32mx/lib\libpic32.a(vector51.o)

.text           0x00000000        0x0
 .text          0x00000000        0x0 g:/program files (x86)/microchip/xc32/v1.44/bin/bin/../../lib/gcc/pic32mx/4.8.3/../../../../pic32mx/lib\libpic32.a(vector50.o)

.text           0x00000000        0x0
 .text          0x00000000        0x0 g:/program files (x86)/microchip/xc32/v1.44/bin/bin/../../lib/gcc/pic32mx/4.8.3/../../../../pic32mx/lib\libpic32.a(vector49.o)

.text           0x00000000        0x0
 .text          0x00000000        0x0 g:/program files (x86)/microchip/xc32/v1.44/bin/bin/../../lib/gcc/pic32mx/4.8.3/../../../../pic32mx/lib\libpic32.a(vector48.o)

.text           0x00000000        0x0
 .text          0x00000000        0x0 g:/program files (x86)/microchip/xc32/v1.44/bin/bin/../../lib/gcc/pic32mx/4.8.3/../../../../pic32mx/lib\libpic32.a(vector47.o)

.text           0x00000000        0x0
 .text          0x00000000        0x0 g:/program files (x86)/microchip/xc32/v1.44/bin/bin/../../lib/gcc/pic32mx/4.8.3/../../../../pic32mx/lib\libpic32.a(vector46.o)

.text           0x00000000        0x0
 .text          0x00000000        0x0 g:/program files (x86)/microchip/xc32/v1.44/bin/bin/../../lib/gcc/pic32mx/4.8.3/../../../../pic32mx/lib\libpic32.a(vector45.o)

.text           0x00000000        0x0
 .text          0x00000000        0x0 g:/program files (x86)/microchip/xc32/v1.44/bin/bin/../../lib/gcc/pic32mx/4.8.3/../../../../pic32mx/lib\libpic32.a(vector44.o)

.text           0x00000000        0x0
 .text          0x00000000        0x0 g:/program files (x86)/microchip/xc32/v1.44/bin/bin/../../lib/gcc/pic32mx/4.8.3/../../../../pic32mx/lib\libpic32.a(vector43.o)

.text           0x00000000        0x0
 .text          0x00000000        0x0 g:/program files (x86)/microchip/xc32/v1.44/bin/bin/../../lib/gcc/pic32mx/4.8.3/../../../../pic32mx/lib\libpic32.a(vector42.o)

.text           0x00000000        0x0
 .text          0x00000000        0x0 g:/program files (x86)/microchip/xc32/v1.44/bin/bin/../../lib/gcc/pic32mx/4.8.3/../../../../pic32mx/lib\libpic32.a(vector41.o)

.text           0x00000000        0x0
 .text          0x00000000        0x0 g:/program files (x86)/microchip/xc32/v1.44/bin/bin/../../lib/gcc/pic32mx/4.8.3/../../../../pic32mx/lib\libpic32.a(vector40.o)

.text           0x00000000        0x0
 .text          0x00000000        0x0 g:/program files (x86)/microchip/xc32/v1.44/bin/bin/../../lib/gcc/pic32mx/4.8.3/../../../../pic32mx/lib\libpic32.a(vector39.o)

.text           0x00000000        0x0
 .text          0x00000000        0x0 g:/program files (x86)/microchip/xc32/v1.44/bin/bin/../../lib/gcc/pic32mx/4.8.3/../../../../pic32mx/lib\libpic32.a(vector38.o)

.text           0x00000000        0x0
 .text          0x00000000        0x0 g:/program files (x86)/microchip/xc32/v1.44/bin/bin/../../lib/gcc/pic32mx/4.8.3/../../../../pic32mx/lib\libpic32.a(vector37.o)

.text           0x00000000        0x0
 .text          0x00000000        0x0 g:/program files (x86)/microchip/xc32/v1.44/bin/bin/../../lib/gcc/pic32mx/4.8.3/../../../../pic32mx/lib\libpic32.a(vector36.o)

.text           0x00000000        0x0
 .text          0x00000000        0x0 g:/program files (x86)/microchip/xc32/v1.44/bin/bin/../../lib/gcc/pic32mx/4.8.3/../../../../pic32mx/lib\libpic32.a(vector35.o)

.text           0x00000000        0x0
 .text          0x00000000        0x0 g:/program files (x86)/microchip/xc32/v1.44/bin/bin/../../lib/gcc/pic32mx/4.8.3/../../../../pic32mx/lib\libpic32.a(vector34.o)

.text           0x00000000        0x0
 .text          0x00000000        0x0 g:/program files (x86)/microchip/xc32/v1.44/bin/bin/../../lib/gcc/pic32mx/4.8.3/../../../../pic32mx/lib\libpic32.a(vector33.o)

.text           0x00000000        0x0
 .text          0x00000000        0x0 g:/program files (x86)/microchip/xc32/v1.44/bin/bin/../../lib/gcc/pic32mx/4.8.3/../../../../pic32mx/lib\libpic32.a(vector32.o)

.text           0x00000000        0x0
 .text          0x00000000        0x0 g:/program files (x86)/microchip/xc32/v1.44/bin/bin/../../lib/gcc/pic32mx/4.8.3/../../../../pic32mx/lib\libpic32.a(vector31.o)

.text           0x00000000        0x0
 .text          0x00000000        0x0 g:/program files (x86)/microchip/xc32/v1.44/bin/bin/../../lib/gcc/pic32mx/4.8.3/../../../../pic32mx/lib\libpic32.a(vector30.o)

.text           0x00000000        0x0
 .text          0x00000000        0x0 g:/program files (x86)/microchip/xc32/v1.44/bin/bin/../../lib/gcc/pic32mx/4.8.3/../../../../pic32mx/lib\libpic32.a(vector29.o)

.text           0x00000000        0x0
 .text          0x00000000        0x0 g:/program files (x86)/microchip/xc32/v1.44/bin/bin/../../lib/gcc/pic32mx/4.8.3/../../../../pic32mx/lib\libpic32.a(vector28.o)

.text           0x00000000        0x0
 .text          0x00000000        0x0 g:/program files (x86)/microchip/xc32/v1.44/bin/bin/../../lib/gcc/pic32mx/4.8.3/../../../../pic32mx/lib\libpic32.a(vector27.o)

.text           0x00000000        0x0
 .text          0x00000000        0x0 g:/program files (x86)/microchip/xc32/v1.44/bin/bin/../../lib/gcc/pic32mx/4.8.3/../../../../pic32mx/lib\libpic32.a(vector26.o)

.text           0x00000000        0x0
 .text          0x00000000        0x0 g:/program files (x86)/microchip/xc32/v1.44/bin/bin/../../lib/gcc/pic32mx/4.8.3/../../../../pic32mx/lib\libpic32.a(vector25.o)

.text           0x00000000        0x0
 .text          0x00000000        0x0 g:/program files (x86)/microchip/xc32/v1.44/bin/bin/../../lib/gcc/pic32mx/4.8.3/../../../../pic32mx/lib\libpic32.a(vector23.o)

.text           0x00000000        0x0
 .text          0x00000000        0x0 g:/program files (x86)/microchip/xc32/v1.44/bin/bin/../../lib/gcc/pic32mx/4.8.3/../../../../pic32mx/lib\libpic32.a(vector22.o)

.text           0x00000000        0x0
 .text          0x00000000        0x0 g:/program files (x86)/microchip/xc32/v1.44/bin/bin/../../lib/gcc/pic32mx/4.8.3/../../../../pic32mx/lib\libpic32.a(vector21.o)

.text           0x00000000        0x0
 .text          0x00000000        0x0 g:/program files (x86)/microchip/xc32/v1.44/bin/bin/../../lib/gcc/pic32mx/4.8.3/../../../../pic32mx/lib\libpic32.a(vector20.o)

.text           0x00000000        0x0
 .text          0x00000000        0x0 g:/program files (x86)/microchip/xc32/v1.44/bin/bin/../../lib/gcc/pic32mx/4.8.3/../../../../pic32mx/lib\libpic32.a(vector19.o)

.text           0x00000000        0x0
 .text          0x00000000        0x0 g:/program files (x86)/microchip/xc32/v1.44/bin/bin/../../lib/gcc/pic32mx/4.8.3/../../../../pic32mx/lib\libpic32.a(vector18.o)

.text           0x00000000        0x0
 .text          0x00000000        0x0 g:/program files (x86)/microchip/xc32/v1.44/bin/bin/../../lib/gcc/pic32mx/4.8.3/../../../../pic32mx/lib\libpic32.a(vector17.o)

.text           0x00000000        0x0
 .text          0x00000000        0x0 g:/program files (x86)/microchip/xc32/v1.44/bin/bin/../../lib/gcc/pic32mx/4.8.3/../../../../pic32mx/lib\libpic32.a(vector16.o)

.text           0x00000000        0x0
 .text          0x00000000        0x0 g:/program files (x86)/microchip/xc32/v1.44/bin/bin/../../lib/gcc/pic32mx/4.8.3/../../../../pic32mx/lib\libpic32.a(vector15.o)

.text           0x00000000        0x0
 .text          0x00000000        0x0 g:/program files (x86)/microchip/xc32/v1.44/bin/bin/../../lib/gcc/pic32mx/4.8.3/../../../../pic32mx/lib\libpic32.a(vector14.o)

.text           0x00000000        0x0
 .text          0x00000000        0x0 g:/program files (x86)/microchip/xc32/v1.44/bin/bin/../../lib/gcc/pic32mx/4.8.3/../../../../pic32mx/lib\libpic32.a(vector13.o)

.text           0x00000000        0x0
 .text          0x00000000        0x0 g:/program files (x86)/microchip/xc32/v1.44/bin/bin/../../lib/gcc/pic32mx/4.8.3/../../../../pic32mx/lib\libpic32.a(vector12.o)

.text           0x00000000        0x0
 .text          0x00000000        0x0 g:/program files (x86)/microchip/xc32/v1.44/bin/bin/../../lib/gcc/pic32mx/4.8.3/../../../../pic32mx/lib\libpic32.a(vector11.o)

.text           0x00000000        0x0
 .text          0x00000000        0x0 g:/program files (x86)/microchip/xc32/v1.44/bin/bin/../../lib/gcc/pic32mx/4.8.3/../../../../pic32mx/lib\libpic32.a(vector10.o)

.text           0x00000000        0x0
 .text          0x00000000        0x0 g:/program files (x86)/microchip/xc32/v1.44/bin/bin/../../lib/gcc/pic32mx/4.8.3/../../../../pic32mx/lib\libpic32.a(vector9.o)

.text           0x00000000        0x0
 .text          0x00000000        0x0 g:/program files (x86)/microchip/xc32/v1.44/bin/bin/../../lib/gcc/pic32mx/4.8.3/../../../../pic32mx/lib\libpic32.a(vector8.o)

.text           0x00000000        0x0
 .text          0x00000000        0x0 g:/program files (x86)/microchip/xc32/v1.44/bin/bin/../../lib/gcc/pic32mx/4.8.3/../../../../pic32mx/lib\libpic32.a(vector7.o)

.text           0x00000000        0x0
 .text          0x00000000        0x0 g:/program files (x86)/microchip/xc32/v1.44/bin/bin/../../lib/gcc/pic32mx/4.8.3/../../../../pic32mx/lib\libpic32.a(vector6.o)

.text           0x00000000        0x0
 .text          0x00000000        0x0 g:/program files (x86)/microchip/xc32/v1.44/bin/bin/../../lib/gcc/pic32mx/4.8.3/../../../../pic32mx/lib\libpic32.a(vector5.o)

.text           0x00000000        0x0
 .text          0x00000000        0x0 g:/program files (x86)/microchip/xc32/v1.44/bin/bin/../../lib/gcc/pic32mx/4.8.3/../../../../pic32mx/lib\libpic32.a(vector4.o)

.text           0x00000000        0x0
 .text          0x00000000        0x0 g:/program files (x86)/microchip/xc32/v1.44/bin/bin/../../lib/gcc/pic32mx/4.8.3/../../../../pic32mx/lib\libpic32.a(vector3.o)

.text           0x00000000        0x0
 .text          0x00000000        0x0 g:/program files (x86)/microchip/xc32/v1.44/bin/bin/../../lib/gcc/pic32mx/4.8.3/../../../../pic32mx/lib\libpic32.a(vector2.o)

.text           0x00000000        0x0
 .text          0x00000000        0x0 g:/program files (x86)/microchip/xc32/v1.44/bin/bin/../../lib/gcc/pic32mx/4.8.3/../../../../pic32mx/lib\libpic32.a(vector1.o)

.text           0x00000000        0x0
 .text          0x00000000        0x0 g:/program files (x86)/microchip/xc32/v1.44/bin/bin/../../lib/gcc/pic32mx/4.8.3/../../../../pic32mx/lib\libpic32.a(vector0.o)

.text           0x00000000        0x0
 .text          0x00000000        0x0 g:/program files (x86)/microchip/xc32/v1.44/bin/bin/../../lib/gcc/pic32mx/4.8.3/../../../../pic32mx/lib\libpic32.a(general-exception.o)

.text           0x00000000        0x0
 .text          0x00000000        0x0 g:/program files (x86)/microchip/xc32/v1.44/bin/bin/../../lib/gcc/pic32mx/4.8.3/../../../../pic32mx/lib\libpic32.a(default-on-bootstrap.o)

.text           0x00000000        0x0
 .text          0x00000000        0x0 g:/program files (x86)/microchip/xc32/v1.44/bin/bin/../../lib/gcc/pic32mx/4.8.3/../../../../pic32mx/lib\libpic32.a(default-on-reset.o)

.text           0x00000000        0x0
 .text          0x00000000        0x0 g:/program files (x86)/microchip/xc32/v1.44/bin/bin/../../lib/gcc/pic32mx/4.8.3/../../../../pic32mx/lib\libpic32.a(default-bootstrap-exception-handler.o)

.text           0x00000000        0x0
 .text          0x00000000        0x0 g:/program files (x86)/microchip/xc32/v1.44/bin/bin/../../lib/gcc/pic32mx/4.8.3/../../../../pic32mx/lib/./proc/32MX795F512H\default_isr_vectors.o

.text           0x00000000        0x0
 .text          0x00000000        0x0 g:/program files (x86)/microchip/xc32/v1.44/bin/bin/../../lib/gcc/pic32mx/4.8.3/../../../../pic32mx/lib/./proc/32MX795F512H\processor.o

.text           0x00000000        0x0
 .text          0x00000000        0x0 g:/program files (x86)/microchip/xc32/v1.44/bin/bin/../../lib/gcc/pic32mx/4.8.3/../../../../pic32mx/lib\debug-exception-return.o

.text           0x00000000        0x0
 .text          0x00000000        0x0 g:/program files (x86)/microchip/xc32/v1.44/bin/bin/../../lib/gcc/pic32mx/4.8.3/../../../../pic32mx/lib/./proc/32MX795F512H/crt0_mips32r2.o
